<html>
<body>
<pre>
<h1>�Vision Build Log</h1>
<h2>Tool Versions:</h2>
IDE-Version: ��Vision V5.35.0.0
Copyright (C) 2021 ARM Ltd and ARM Germany GmbH. All rights reserved.
License Information: 1 Admonition, 1, LIC=76F5U-S14DQ-Y88FK-ZN1AC-0WQZN-QD2A0
 
Tool Versions:
Toolchain:       MDK-ARM Plus  Version: 5.35.0.2
Toolchain Path:  D:\Code\IDEss\keil\ARM\ARMCC\Bin
C Compiler:      Armcc.exe V5.06 update 7 (build 960)
Assembler:       Armasm.exe V5.06 update 7 (build 960)
Linker/Locator:  ArmLink.exe V5.06 update 7 (build 960)
Library Manager: ArmAr.exe V5.06 update 7 (build 960)
Hex Converter:   FromElf.exe V5.06 update 7 (build 960)
CPU DLL:         SARMCM3.DLL V5.35.0.2
Dialog DLL:      DCM.DLL V1.17.3.0
Target DLL:      UL2CM3.DLL V1.164.0.0
Dialog DLL:      TCM.DLL V1.53.0.0
 
<h2>Project:</h2>
E:\Proj\1.RM\1.Code&machine\1.engineer\QB\RM_Engineer_Gimbal\MDK-ARM\Chassis_Board.uvprojx
Project File Date:  04/04/2024

<h2>Output:</h2>
*** Using Compiler 'V5.06 update 7 (build 960)', folder: 'D:\Code\IDEss\keil\ARM\ARMCC\Bin'
Rebuild target 'Chassis_Board'
assembling startup_stm32f407xx.s...
compiling main.c...
compiling gpio.c...
compiling freertos.c...
compiling adc.c...
compiling dma.c...
compiling crc.c...
compiling rtc.c...
compiling rng.c...
compiling spi.c...
compiling can.c...
compiling i2c.c...
compiling tim.c...
compiling usart.c...
compiling usb_device.c...
compiling usbd_desc.c...
compiling usbd_cdc_if.c...
compiling usbd_conf.c...
compiling stm32f4xx_it.c...
compiling stm32f4xx_hal_msp.c...
compiling stm32f4xx_hal_pcd_ex.c...
compiling stm32f4xx_hal_flash_ex.c...
compiling stm32f4xx_hal_flash.c...
compiling stm32f4xx_hal_rcc_ex.c...
compiling stm32f4xx_hal_rcc.c...
compiling stm32f4xx_hal_pcd.c...
compiling stm32f4xx_ll_usb.c...
compiling stm32f4xx_hal_flash_ramfunc.c...
compiling stm32f4xx_hal_gpio.c...
compiling stm32f4xx_ll_adc.c...
compiling stm32f4xx_hal_pwr_ex.c...
compiling stm32f4xx_hal_pwr.c...
compiling stm32f4xx_hal_dma.c...
compiling stm32f4xx_hal_dma_ex.c...
compiling stm32f4xx_hal_cortex.c...
compiling stm32f4xx_hal.c...
compiling stm32f4xx_hal_exti.c...
compiling stm32f4xx_hal_adc_ex.c...
compiling stm32f4xx_hal_adc.c...
compiling stm32f4xx_hal_crc.c...
compiling stm32f4xx_hal_can.c...
compiling stm32f4xx_hal_i2c_ex.c...
compiling stm32f4xx_hal_rng.c...
compiling croutine.c...
compiling list.c...
compiling stm32f4xx_hal_rtc.c...
compiling event_groups.c...
compiling stm32f4xx_hal_rtc_ex.c...
compiling system_stm32f4xx.c...
compiling stm32f4xx_hal_spi.c...
compiling queue.c...
compiling stm32f4xx_hal_tim_ex.c...
compiling stm32f4xx_hal_uart.c...
compiling stream_buffer.c...
compiling timers.c...
compiling stm32f4xx_hal_i2c.c...
compiling heap_4.c...
compiling tasks.c...
compiling stm32f4xx_hal_tim.c...
compiling port.c...
compiling cmsis_os.c...
compiling usbd_core.c...
compiling detect_task.cpp...
compiling usbd_ctlreq.c...
compiling usbd_ioreq.c...
compiling usbd_cdc.c...
compiling system_config.cpp...
..\user_code\application\communicate_task.h(27): warning:  #1-D: last line of file ends without a newline
  #endif
..\user_code\application\my_test_task.h(25): warning:  #1-D: last line of file ends without a newline
  #endif 
..\user_code\application\mine_task.h(22): warning:  #1-D: last line of file ends without a newline
  #endif
..\user_code\application\system_config.cpp(59): warning:  #1-D: last line of file ends without a newline
  }
..\user_code\application\system_config.cpp: 4 warnings, 0 errors
compiling my_test_task.cpp...
..\user_code\application\my_test_task.h(25): warning:  #1-D: last line of file ends without a newline
  #endif 
..\user_code\application\my_test_task.cpp(25): warning:  #1-D: last line of file ends without a newline
  }
..\user_code\application\my_test_task.cpp: 2 warnings, 0 errors
compiling communicate_task.cpp...
..\user_code\application\communicate_task.h(27): warning:  #1-D: last line of file ends without a newline
  #endif
..\user_code\protocol\Referee.h(616): warning:  #1-D: last line of file ends without a newline
  #endif
..\user_code\module\Config.h(39): warning:  #1-D: last line of file ends without a newline
  #endif
..\user_code\application\communicate_task.cpp: 3 warnings, 0 errors
compiling mine_task.cpp...
..\user_code\application\mine_task.h(22): warning:  #1-D: last line of file ends without a newline
  #endif
..\user_code\device\Motor.h(80): warning:  #1-D: last line of file ends without a newline
  #endif
..\user_code\module\Config.h(39): warning:  #1-D: last line of file ends without a newline
  #endif
..\user_code\module\auto.h(81): warning:  #375-D: declaration requires a typedef name
  };                    //电机是否到位
..\user_code\module\auto.h(105): warning:  #1-D: last line of file ends without a newline
  #endif
..\user_code\module\minepush.h(87): warning:  #375-D: declaration requires a typedef name
  };                      
..\user_code\module\minepush.h(205): warning:  #1-D: last line of file ends without a newline
  #endif
..\user_code\module\catch.h(110): warning:  #47-D: incompatible redefinition of macro "NORMAL_MAX_STRETCH_SPEED"  (declared at line 64 of "..\user_code\module\minepush.h")
  #define NORMAL_MAX_STRETCH_SPEED 2.0f //2.0
..\user_code\module\catch.h(134): warning:  #375-D: declaration requires a typedef name
  };                    
..\user_code\module\catch.h(143): warning:  #375-D: declaration requires a typedef name
  };  
..\user_code\module\catch.h(226): warning:  #1-D: last line of file ends without a newline
  #endif
..\user_code\protocol\Referee.h(616): warning:  #1-D: last line of file ends without a newline
  #endif
..\user_code\application\mine_task.cpp: 12 warnings, 0 errors
compiling Pid.cpp...
..\user_code\algorithm\Pid.cpp(92): warning:  #1-D: last line of file ends without a newline
  }
..\user_code\algorithm\Pid.cpp: 1 warning, 0 errors
compiling First_order_filter.cpp...
compiling Communicate.cpp...
..\user_code\protocol\Referee.h(616): warning:  #1-D: last line of file ends without a newline
  #endif
..\user_code\module\Config.h(39): warning:  #1-D: last line of file ends without a newline
  #endif
../Inc/usart.h(35): warning:  #337-D: linkage specification is incompatible with previous "huart3"  (declared at line 26 of "..\user_code\protocol\Remote_control.h")
  extern UART_HandleTypeDef huart3;
../Inc/usart.h(36): warning:  #337-D: linkage specification is incompatible with previous "huart6"  (declared at line 538 of "..\user_code\protocol\Referee.h")
  extern UART_HandleTypeDef huart6;
..\user_code\protocol\Ui.h(207): warning:  #1-D: last line of file ends without a newline
  #endif
..\user_code\device\Motor.h(80): warning:  #1-D: last line of file ends without a newline
  #endif
..\user_code\module\auto.h(81): warning:  #375-D: declaration requires a typedef name
  };                    //电机是否到位
..\user_code\module\auto.h(105): warning:  #1-D: last line of file ends without a newline
  #endif
..\user_code\module\minepush.h(87): warning:  #375-D: declaration requires a typedef name
  };                      
..\user_code\module\minepush.h(205): warning:  #1-D: last line of file ends without a newline
  #endif
..\user_code\module\catch.h(110): warning:  #47-D: incompatible redefinition of macro "NORMAL_MAX_STRETCH_SPEED"  (declared at line 64 of "..\user_code\module\minepush.h")
  #define NORMAL_MAX_STRETCH_SPEED 2.0f //2.0
..\user_code\module\catch.h(134): warning:  #375-D: declaration requires a typedef name
  };                    
..\user_code\module\catch.h(143): warning:  #375-D: declaration requires a typedef name
  };  
..\user_code\module\catch.h(226): warning:  #1-D: last line of file ends without a newline
  #endif
..\user_code\module\Communicate.cpp(256): warning:  #1-D: last line of file ends without a newline
  #endif
..\user_code\module\Communicate.cpp: 15 warnings, 0 errors
compiling auto.cpp...
..\user_code\device\Motor.h(80): warning:  #1-D: last line of file ends without a newline
  #endif
..\user_code\module\Config.h(39): warning:  #1-D: last line of file ends without a newline
  #endif
..\user_code\module\auto.h(81): warning:  #375-D: declaration requires a typedef name
  };                    //电机是否到位
..\user_code\module\auto.h(105): warning:  #1-D: last line of file ends without a newline
  #endif
..\user_code\protocol\Referee.h(616): warning:  #1-D: last line of file ends without a newline
  #endif
..\user_code\module\catch.h(134): warning:  #375-D: declaration requires a typedef name
  };                    
..\user_code\module\catch.h(143): warning:  #375-D: declaration requires a typedef name
  };  
..\user_code\module\catch.h(226): warning:  #1-D: last line of file ends without a newline
  #endif
..\user_code\module\minepush.h(64): warning:  #47-D: incompatible redefinition of macro "NORMAL_MAX_STRETCH_SPEED"  (declared at line 110 of "..\user_code\module\catch.h")
  #define NORMAL_MAX_STRETCH_SPEED 4.0f //2.0
..\user_code\module\minepush.h(87): warning:  #375-D: declaration requires a typedef name
  };                      
..\user_code\module\minepush.h(205): warning:  #1-D: last line of file ends without a newline
  #endif
..\user_code\module\auto.cpp(88): warning:  #175-D: subscript out of range
      if (minecatch.motor_status[CAN_CATCH_SUCTION_MOTOR] == READY)
..\user_code\module\auto.cpp(94): warning:  #175-D: subscript out of range
      if (minepush.motor_status[MINE_STRETCH_L_ID] == READY && minepush.motor_status[MINE_STRETCH_R_ID] == READY)
..\user_code\module\auto.cpp(94): warning:  #175-D: subscript out of range
      if (minepush.motor_status[MINE_STRETCH_L_ID] == READY && minepush.motor_status[MINE_STRETCH_R_ID] == READY)
..\user_code\module\auto.cpp(134): warning:  #1-D: last line of file ends without a newline
  }
..\user_code\module\auto.cpp: 15 warnings, 0 errors
compiling minepush.cpp...
..\user_code\device\Motor.h(80): warning:  #1-D: last line of file ends without a newline
  #endif
..\user_code\module\Config.h(39): warning:  #1-D: last line of file ends without a newline
  #endif
..\user_code\module\auto.h(81): warning:  #375-D: declaration requires a typedef name
  };                    //电机是否到位
..\user_code\module\auto.h(105): warning:  #1-D: last line of file ends without a newline
  #endif
..\user_code\module\minepush.h(87): warning:  #375-D: declaration requires a typedef name
  };                      
..\user_code\module\minepush.h(205): warning:  #1-D: last line of file ends without a newline
  #endif
..\user_code\protocol\Referee.h(616): warning:  #1-D: last line of file ends without a newline
  #endif
..\user_code\module\minepush.cpp(239): warning:  #186-D: pointless comparison of unsigned integer with zero
          if (photospin.pitch_flag < 0)
..\user_code\module\minepush.cpp(247): warning:  #186-D: pointless comparison of unsigned integer with zero
          if (photospin.pitch_flag < 0)
..\user_code\module\minepush.cpp(293): warning:  #177-D: variable "angle_set"  was declared but never referenced
      fp32 angle_set = 0.0f;
..\user_code\module\minepush.cpp(349): warning:  #550-D: variable "stretch_channel"  was set but never used
      static int16_t stretch_channel = 0;
..\user_code\module\minepush.cpp: 11 warnings, 0 errors
compiling catch.cpp...
..\user_code\device\Motor.h(80): warning:  #1-D: last line of file ends without a newline
  #endif
..\user_code\module\Config.h(39): warning:  #1-D: last line of file ends without a newline
  #endif
..\user_code\module\auto.h(81): warning:  #375-D: declaration requires a typedef name
  };                    //电机是否到位
..\user_code\module\auto.h(105): warning:  #1-D: last line of file ends without a newline
  #endif
..\user_code\module\catch.h(134): warning:  #375-D: declaration requires a typedef name
  };                    
..\user_code\module\catch.h(143): warning:  #375-D: declaration requires a typedef name
  };  
..\user_code\module\catch.h(226): warning:  #1-D: last line of file ends without a newline
  #endif
..\user_code\protocol\Referee.h(616): warning:  #1-D: last line of file ends without a newline
  #endif
..\user_code\module\catch.cpp(313): warning:  #550-D: variable "catch_channel"  was set but never used
      static int16_t catch_channel = 0, yaw_channel = 0, suction_channel = 0;
..\user_code\module\catch.cpp(313): warning:  #550-D: variable "yaw_channel"  was set but never used
      static int16_t catch_channel = 0, yaw_channel = 0, suction_channel = 0;
..\user_code\module\catch.cpp(313): warning:  #550-D: variable "suction_channel"  was set but never used
      static int16_t catch_channel = 0, yaw_channel = 0, suction_channel = 0;
..\user_code\module\catch.cpp(416): warning:  #1-D: last line of file ends without a newline
  }
..\user_code\module\catch.cpp: 12 warnings, 0 errors
compiling Motor.cpp...
..\user_code\device\Motor.h(80): warning:  #1-D: last line of file ends without a newline
  #endif
..\user_code\device\Motor.cpp(19): warning:  #1-D: last line of file ends without a newline
  }
..\user_code\device\Motor.cpp: 2 warnings, 0 errors
compiling Can_receive.cpp...
..\user_code\bsp\bsp_can.h(13): warning:  #1-D: last line of file ends without a newline
  #endif
../Inc/can.h(34): warning:  #337-D: linkage specification is incompatible with previous "hcan1"  (declared at line 8 of "..\user_code\protocol\can_receive.h")
  extern CAN_HandleTypeDef hcan1;
../Inc/can.h(35): warning:  #337-D: linkage specification is incompatible with previous "hcan2"  (declared at line 9 of "..\user_code\protocol\can_receive.h")
  extern CAN_HandleTypeDef hcan2;
..\user_code\protocol\Can_receive.cpp(227): warning:  #1-D: last line of file ends without a newline
  }
..\user_code\protocol\Can_receive.cpp: 4 warnings, 0 errors
compiling Remote_control.cpp...
compiling Referee.cpp...
..\user_code\protocol\Referee.h(616): warning:  #1-D: last line of file ends without a newline
  #endif
..\user_code\protocol\Referee.cpp: 1 warning, 0 errors
compiling user_lib.c...
compiling fifo.c...
compiling Ui.cpp...
..\user_code\protocol\Ui.h(207): warning:  #1-D: last line of file ends without a newline
  #endif
..\user_code\protocol\Ui.cpp(525): warning:  #177-D: variable "CRC8_INIT_UI"  was declared but never referenced
  const unsigned char CRC8_INIT_UI = 0xff;
..\user_code\protocol\Ui.cpp: 2 warnings, 0 errors
compiling bsp_can.c...
..\user_code\bsp\bsp_can.h(13): warning:  #1-D: last line of file ends without a newline
  #endif
..\user_code\bsp\bsp_can.c: 1 warning, 0 errors
compiling CRC8_CRC16.c...
compiling bsp_delay.c...
compiling bsp_led.c...
compiling bsp_rc.c...
compiling bsp_usart.c...
linking...
Program Size: Code=37056 RO-data=728 RW-data=688 ZI-data=57176  
FromELF: creating hex file...
"Chassis_Board\Chassis_Board.axf" - 0 Error(s), 85 Warning(s).

<h2>Software Packages used:</h2>

Package Vendor: ARM
                http://www.keil.com/pack/ARM.CMSIS.5.8.0.pack
                ARM.CMSIS.5.8.0
                CMSIS (Common Microcontroller Software Interface Standard)
   * Component: CORE Version: 5.5.0

Package Vendor: Keil
                https://www.keil.com/pack/Keil.STM32F4xx_DFP.2.17.0.pack
                Keil.STM32F4xx_DFP.2.17.0
                STMicroelectronics STM32F4 Series Device Support, Drivers and Examples

<h2>Collection of Component include folders:</h2>
  .\RTE\_Chassis_Board
  D:\Code\IDEss\keil\ARM\CMSIS\5.8.0\CMSIS\Core\Include
  D:\Code\IDEss\keil\Keil\STM32F4xx_DFP\2.17.0\Drivers\CMSIS\Device\ST\STM32F4xx\Include

<h2>Collection of Component Files used:</h2>

   * Component: ARM::CMSIS:CORE:5.5.0
      Include file:  CMSIS\Core\Include\tz_context.h
Build Time Elapsed:  00:00:06
</pre>
</body>
</html>
