Component: ARM Compiler 5.06 update 7 (build 960) Tool: armlink [4d3601]

==============================================================================

Section Cross References

    startup_stm32f407xx.o(STACK) refers (Special) to heapauxi.o(.text) for __use_two_region_memory
    startup_stm32f407xx.o(HEAP) refers (Special) to heapauxi.o(.text) for __use_two_region_memory
    startup_stm32f407xx.o(RESET) refers (Special) to heapauxi.o(.text) for __use_two_region_memory
    startup_stm32f407xx.o(RESET) refers to startup_stm32f407xx.o(STACK) for __initial_sp
    startup_stm32f407xx.o(RESET) refers to startup_stm32f407xx.o(.text) for Reset_Handler
    startup_stm32f407xx.o(RESET) refers to stm32f4xx_it.o(i.NMI_Handler) for NMI_Handler
    startup_stm32f407xx.o(RESET) refers to stm32f4xx_it.o(i.HardFault_Handler) for HardFault_Handler
    startup_stm32f407xx.o(RESET) refers to stm32f4xx_it.o(i.MemManage_Handler) for MemManage_Handler
    startup_stm32f407xx.o(RESET) refers to stm32f4xx_it.o(i.BusFault_Handler) for BusFault_Handler
    startup_stm32f407xx.o(RESET) refers to stm32f4xx_it.o(i.UsageFault_Handler) for UsageFault_Handler
    startup_stm32f407xx.o(RESET) refers to port.o(.emb_text) for SVC_Handler
    startup_stm32f407xx.o(RESET) refers to stm32f4xx_it.o(i.DebugMon_Handler) for DebugMon_Handler
    startup_stm32f407xx.o(RESET) refers to stm32f4xx_it.o(i.SysTick_Handler) for SysTick_Handler
    startup_stm32f407xx.o(RESET) refers to stm32f4xx_it.o(i.EXTI0_IRQHandler) for EXTI0_IRQHandler
    startup_stm32f407xx.o(RESET) refers to stm32f4xx_it.o(i.EXTI3_IRQHandler) for EXTI3_IRQHandler
    startup_stm32f407xx.o(RESET) refers to stm32f4xx_it.o(i.EXTI4_IRQHandler) for EXTI4_IRQHandler
    startup_stm32f407xx.o(RESET) refers to stm32f4xx_it.o(i.CAN1_RX0_IRQHandler) for CAN1_RX0_IRQHandler
    startup_stm32f407xx.o(RESET) refers to stm32f4xx_it.o(i.EXTI9_5_IRQHandler) for EXTI9_5_IRQHandler
    startup_stm32f407xx.o(RESET) refers to communicate.o(i.USART3_IRQHandler) for USART3_IRQHandler
    startup_stm32f407xx.o(RESET) refers to stm32f4xx_it.o(i.DMA2_Stream1_IRQHandler) for DMA2_Stream1_IRQHandler
    startup_stm32f407xx.o(RESET) refers to stm32f4xx_it.o(i.CAN2_RX0_IRQHandler) for CAN2_RX0_IRQHandler
    startup_stm32f407xx.o(RESET) refers to stm32f4xx_it.o(i.OTG_FS_IRQHandler) for OTG_FS_IRQHandler
    startup_stm32f407xx.o(RESET) refers to stm32f4xx_it.o(i.DMA2_Stream6_IRQHandler) for DMA2_Stream6_IRQHandler
    startup_stm32f407xx.o(RESET) refers to stm32f4xx_it.o(i.DMA2_Stream7_IRQHandler) for DMA2_Stream7_IRQHandler
    startup_stm32f407xx.o(RESET) refers to communicate.o(i.USART6_IRQHandler) for USART6_IRQHandler
    startup_stm32f407xx.o(.text) refers (Special) to heapauxi.o(.text) for __use_two_region_memory
    startup_stm32f407xx.o(.text) refers to system_stm32f4xx.o(i.SystemInit) for SystemInit
    startup_stm32f407xx.o(.text) refers to __main.o(!!!main) for __main
    startup_stm32f407xx.o(.text) refers to startup_stm32f407xx.o(HEAP) for Heap_Mem
    startup_stm32f407xx.o(.text) refers to startup_stm32f407xx.o(STACK) for Stack_Mem
    main.o(i.SystemClock_Config) refers to rt_memclr_w.o(.text) for __aeabi_memclr4
    main.o(i.SystemClock_Config) refers to stm32f4xx_hal_rcc.o(i.HAL_RCC_OscConfig) for HAL_RCC_OscConfig
    main.o(i.SystemClock_Config) refers to stm32f4xx_hal_rcc.o(i.HAL_RCC_ClockConfig) for HAL_RCC_ClockConfig
    main.o(i.main) refers to stm32f4xx_hal.o(i.HAL_Init) for HAL_Init
    main.o(i.main) refers to main.o(i.SystemClock_Config) for SystemClock_Config
    main.o(i.main) refers to gpio.o(i.MX_GPIO_Init) for MX_GPIO_Init
    main.o(i.main) refers to dma.o(i.MX_DMA_Init) for MX_DMA_Init
    main.o(i.main) refers to adc.o(i.MX_ADC1_Init) for MX_ADC1_Init
    main.o(i.main) refers to adc.o(i.MX_ADC3_Init) for MX_ADC3_Init
    main.o(i.main) refers to can.o(i.MX_CAN1_Init) for MX_CAN1_Init
    main.o(i.main) refers to can.o(i.MX_CAN2_Init) for MX_CAN2_Init
    main.o(i.main) refers to i2c.o(i.MX_I2C1_Init) for MX_I2C1_Init
    main.o(i.main) refers to spi.o(i.MX_SPI1_Init) for MX_SPI1_Init
    main.o(i.main) refers to tim.o(i.MX_TIM4_Init) for MX_TIM4_Init
    main.o(i.main) refers to tim.o(i.MX_TIM5_Init) for MX_TIM5_Init
    main.o(i.main) refers to usart.o(i.MX_USART3_UART_Init) for MX_USART3_UART_Init
    main.o(i.main) refers to tim.o(i.MX_TIM8_Init) for MX_TIM8_Init
    main.o(i.main) refers to crc.o(i.MX_CRC_Init) for MX_CRC_Init
    main.o(i.main) refers to rng.o(i.MX_RNG_Init) for MX_RNG_Init
    main.o(i.main) refers to i2c.o(i.MX_I2C2_Init) for MX_I2C2_Init
    main.o(i.main) refers to i2c.o(i.MX_I2C3_Init) for MX_I2C3_Init
    main.o(i.main) refers to rtc.o(i.MX_RTC_Init) for MX_RTC_Init
    main.o(i.main) refers to spi.o(i.MX_SPI2_Init) for MX_SPI2_Init
    main.o(i.main) refers to tim.o(i.MX_TIM1_Init) for MX_TIM1_Init
    main.o(i.main) refers to tim.o(i.MX_TIM3_Init) for MX_TIM3_Init
    main.o(i.main) refers to tim.o(i.MX_TIM10_Init) for MX_TIM10_Init
[...]
    USBD_LL_OpenEP                           0x08005445   Thumb Code    24  usbd_conf.o(i.USBD_LL_OpenEP)
    USBD_LL_PrepareReceive                   0x0800545d   Thumb Code    18  usbd_conf.o(i.USBD_LL_PrepareReceive)
    USBD_LL_Reset                            0x0800546f   Thumb Code    90  usbd_core.o(i.USBD_LL_Reset)
    USBD_LL_Resume                           0x080054c9   Thumb Code    20  usbd_core.o(i.USBD_LL_Resume)
    USBD_LL_SOF                              0x080054dd   Thumb Code    32  usbd_core.o(i.USBD_LL_SOF)
    USBD_LL_SetSpeed                         0x080054fd   Thumb Code     6  usbd_core.o(i.USBD_LL_SetSpeed)
    USBD_LL_SetUSBAddress                    0x08005503   Thumb Code    18  usbd_conf.o(i.USBD_LL_SetUSBAddress)
    USBD_LL_SetupStage                       0x08005515   Thumb Code    96  usbd_core.o(i.USBD_LL_SetupStage)
    USBD_LL_StallEP                          0x08005575   Thumb Code    18  usbd_conf.o(i.USBD_LL_StallEP)
    USBD_LL_Start                            0x08005587   Thumb Code    18  usbd_conf.o(i.USBD_LL_Start)
    USBD_LL_Suspend                          0x08005599   Thumb Code    18  usbd_core.o(i.USBD_LL_Suspend)
    USBD_LL_Transmit                         0x080055ab   Thumb Code    18  usbd_conf.o(i.USBD_LL_Transmit)
    USBD_ParseSetupRequest                   0x080055bd   Thumb Code    44  usbd_ctlreq.o(i.USBD_ParseSetupRequest)
    USBD_RegisterClass                       0x080055e9   Thumb Code    36  usbd_core.o(i.USBD_RegisterClass)
    USBD_SetClassConfig                      0x0800560d   Thumb Code    20  usbd_core.o(i.USBD_SetClassConfig)
    USBD_Start                               0x080056dd   Thumb Code     4  usbd_core.o(i.USBD_Start)
    USBD_StdDevReq                           0x080056e1   Thumb Code   276  usbd_ctlreq.o(i.USBD_StdDevReq)
    USBD_StdEPReq                            0x080057f5   Thumb Code   320  usbd_ctlreq.o(i.USBD_StdEPReq)
    USBD_StdItfReq                           0x08005935   Thumb Code    82  usbd_ctlreq.o(i.USBD_StdItfReq)
    USBD_static_free                         0x08005987   Thumb Code     2  usbd_conf.o(i.USBD_static_free)
    USBD_static_malloc                       0x08005989   Thumb Code     4  usbd_conf.o(i.USBD_static_malloc)
    USB_ActivateEndpoint                     0x08005991   Thumb Code   122  stm32f4xx_ll_usb.o(i.USB_ActivateEndpoint)
    USB_ActivateSetup                        0x08005a11   Thumb Code    28  stm32f4xx_ll_usb.o(i.USB_ActivateSetup)
    USB_CoreInit                             0x08005a2d   Thumb Code   112  stm32f4xx_ll_usb.o(i.USB_CoreInit)
    USB_DeactivateEndpoint                   0x08005ae1   Thumb Code   194  stm32f4xx_ll_usb.o(i.USB_DeactivateEndpoint)
    USB_DevConnect                           0x08005bad   Thumb Code    28  stm32f4xx_ll_usb.o(i.USB_DevConnect)
    USB_DevDisconnect                        0x08005bc9   Thumb Code    28  stm32f4xx_ll_usb.o(i.USB_DevDisconnect)
    USB_DevInit                              0x08005be5   Thumb Code   362  stm32f4xx_ll_usb.o(i.USB_DevInit)
    USB_DisableGlobalInt                     0x08005d59   Thumb Code    12  stm32f4xx_ll_usb.o(i.USB_DisableGlobalInt)
    USB_EP0StartXfer                         0x08005d65   Thumb Code   276  stm32f4xx_ll_usb.o(i.USB_EP0StartXfer)
    USB_EP0_OutStart                         0x08005e7d   Thumb Code    84  stm32f4xx_ll_usb.o(i.USB_EP0_OutStart)
    USB_EPClearStall                         0x08005ed5   Thumb Code    88  stm32f4xx_ll_usb.o(i.USB_EPClearStall)
    USB_EPSetStall                           0x08005f2d   Thumb Code    88  stm32f4xx_ll_usb.o(i.USB_EPSetStall)
    USB_EPStartXfer                          0x08005f85   Thumb Code   482  stm32f4xx_ll_usb.o(i.USB_EPStartXfer)
    USB_EnableGlobalInt                      0x0800616d   Thumb Code    12  stm32f4xx_ll_usb.o(i.USB_EnableGlobalInt)
    USB_FlushRxFifo                          0x08006179   Thumb Code    36  stm32f4xx_ll_usb.o(i.USB_FlushRxFifo)
    USB_FlushTxFifo                          0x080061a1   Thumb Code    40  stm32f4xx_ll_usb.o(i.USB_FlushTxFifo)
    USB_GetDevSpeed                          0x080061cd   Thumb Code    26  stm32f4xx_ll_usb.o(i.USB_GetDevSpeed)
    USB_GetMode                              0x080061e7   Thumb Code     8  stm32f4xx_ll_usb.o(i.USB_GetMode)
    USB_ReadDevAllInEpInterrupt              0x080061ef   Thumb Code    14  stm32f4xx_ll_usb.o(i.USB_ReadDevAllInEpInterrupt)
    USB_ReadDevAllOutEpInterrupt             0x080061fd   Thumb Code    14  stm32f4xx_ll_usb.o(i.USB_ReadDevAllOutEpInterrupt)
    USB_ReadDevInEPInterrupt                 0x0800620b   Thumb Code    36  stm32f4xx_ll_usb.o(i.USB_ReadDevInEPInterrupt)
    USB_ReadDevOutEPInterrupt                0x0800622f   Thumb Code    16  stm32f4xx_ll_usb.o(i.USB_ReadDevOutEPInterrupt)
    USB_ReadInterrupts                       0x0800623f   Thumb Code     8  stm32f4xx_ll_usb.o(i.USB_ReadInterrupts)
    USB_ReadPacket                           0x08006247   Thumb Code    62  stm32f4xx_ll_usb.o(i.USB_ReadPacket)
    USB_SetCurrentMode                       0x08006285   Thumb Code    92  stm32f4xx_ll_usb.o(i.USB_SetCurrentMode)
    USB_SetDevAddress                        0x080062e1   Thumb Code    34  stm32f4xx_ll_usb.o(i.USB_SetDevAddress)
    USB_SetTurnaroundTime                    0x08006305   Thumb Code   158  stm32f4xx_ll_usb.o(i.USB_SetTurnaroundTime)
    USB_WritePacket                          0x080063ed   Thumb Code    40  stm32f4xx_ll_usb.o(i.USB_WritePacket)
    UsageFault_Handler                       0x08006415   Thumb Code     2  stm32f4xx_it.o(i.UsageFault_Handler)
    detect_hook(unsigned char)               0x08006419   Thumb Code    74  detect_task.o(i._Z11detect_hookh)
    my_test_task(void*)                      0x08006469   Thumb Code    28  my_test_task.o(i._Z12my_test_taskPv)
    if_key_pessed(const RC_ctrl_t*, char)    0x0800648d   Thumb Code   192  remote_control.o(i._Z13if_key_pessedPK9RC_ctrl_tc)
    communicate_task(void*)                  0x0800654d   Thumb Code    40  communicate_task.o(i._Z16communicate_taskPv)
    mine_task(void*)                         0x08006581   Thumb Code   110  mine_task.o(i._Z9mine_taskPv)
    Mine_motor::init(const motor_measure_t*) 0x08006601   Thumb Code     4  motor.o(i._ZN10Mine_motor4initEPK15motor_measure_t)
    Can_receive::send_rc_board_com(short, short, short, unsigned short) 0x08006605   Thumb Code    86  can_receive.o(i._ZN11Can_receive17send_rc_board_comEssst)
    Can_receive::send_ss_state_com(unsigned char, unsigned char, short, unsigned char) 0x08006661   Thumb Code    90  can_receive.o(i._ZN11Can_receive17send_ss_state_comEhhsh)
    Can_receive::send_high_state_com(unsigned char, unsigned char, unsigned char, unsigned char) 0x080066c1   Thumb Code    92  can_receive.o(i._ZN11Can_receive19send_high_state_comEhhhh)
    Can_receive::send_lift_auto_mode(signed char) 0x08006721   Thumb Code    80  can_receive.o(i._ZN11Can_receive19send_lift_auto_modeEa)
    Can_receive::get_mine_motor_measure(unsigned char, unsigned char*) 0x08006775   Thumb Code   138  can_receive.o(i._ZN11Can_receive22get_mine_motor_measureEhPh)
    Can_receive::get_catch_motor_measure(unsigned char, unsigned char*) 0x08006809   Thumb Code   146  can_receive.o(i._ZN11Can_receive23get_catch_motor_measureEhPh)
    Can_receive::receive_lift_auto_state(unsigned char*) 0x080068a5   Thumb Code    10  can_receive.o(i._ZN11Can_receive23receive_lift_auto_stateEPh)
    Can_receive::can_cmd_mine_motive_motor(short, short, short, short) 0x080068b1   Thumb Code    86  can_receive.o(i._ZN11Can_receive25can_cmd_mine_motive_motorEssss)
    Can_receive::can_cmd_catch_motive_motor(short, short, short, short) 0x0800690d   Thumb Code    86  can_receive.o(i._ZN11Can_receive26can_cmd_catch_motive_motorEssss)
    Can_receive::get_mine_motive_motor_measure_point(unsigned char) 0x08006969   Thumb Code    10  can_receive.o(i._ZN11Can_receive35get_mine_motive_motor_measure_pointEh)
    Can_receive::get_catch_motive_motor_measure_point(unsigned char) 0x08006973   Thumb Code    12  can_receive.o(i._ZN11Can_receive36get_catch_motive_motor_measure_pointEh)
    Can_receive::init()                      0x0800697f   Thumb Code     4  can_receive.o(i._ZN11Can_receive4initEv)
    Communicate::run()                       0x08006985   Thumb Code    84  communicate.o(i._ZN11Communicate3runEv)
    Communicate::init()                      0x080069e5   Thumb Code    18  communicate.o(i._ZN11Communicate4initEv)
    Remote_control::sbus_to_usart1(unsigned char) 0x08006a01   Thumb Code    64  remote_control.o(i._ZN14Remote_control14sbus_to_usart1Eh)
    Remote_control::get_remote_control_point() 0x08006a49   Thumb Code     4  remote_control.o(i._ZN14Remote_control24get_remote_control_pointEv)
    Remote_control::get_last_remote_control_point() 0x08006a4d   Thumb Code     4  remote_control.o(i._ZN14Remote_control29get_last_remote_control_pointEv)
    Remote_control::init()                   0x08006a51   Thumb Code    20  remote_control.o(i._ZN14Remote_control4initEv)
    Remote_control::unpack(unsigned char)    0x08006a65   Thumb Code   168  remote_control.o(i._ZN14Remote_control6unpackEh)
    Pid::init(pid_mode_e, const float*, float*, float*, float) 0x08006b0d   Thumb Code    76  pid.o(i._ZN3Pid4initE10pid_mode_ePKfPfS3_f)
    Pid::pid_calc()                          0x08006b59   Thumb Code   178  pid.o(i._ZN3Pid8pid_calcEv)
    Pid::pid_clear()                         0x08006c0d   Thumb Code    42  pid.o(i._ZN3Pid9pid_clearEv)
    AUTO::auto_control_set()                 0x08006c3d   Thumb Code    82  auto.o(i._ZN4AUTO16auto_control_setEv)
    AUTO::motor_status_measure()             0x08006c99   Thumb Code    90  auto.o(i._ZN4AUTO20motor_status_measureEv)
    AUTO::init()                             0x08006cfd   Thumb Code    36  auto.o(i._ZN4AUTO4initEv)
    Catch::set_control()                     0x08006d29   Thumb Code   184  catch.o(i._ZN5Catch11set_controlEv)
    Catch::auto_control(auto_mode_e*)        0x08006de5   Thumb Code    86  catch.o(i._ZN5Catch12auto_controlEP11auto_mode_e)
    Catch::feedback_update()                 0x08006e41   Thumb Code   126  catch.o(i._ZN5Catch15feedback_updateEv)
    Catch::motor_angle_limit(Mine_motor*)    0x08006ecd   Thumb Code    38  catch.o(i._ZN5Catch17motor_angle_limitEP10Mine_motor)
    Catch::motor_set_control(Mine_motor*)    0x08006ef3   Thumb Code    80  catch.o(i._ZN5Catch17motor_set_controlEP10Mine_motor)
    Catch::behaviour_mode_set()              0x08006f43   Thumb Code    78  catch.o(i._ZN5Catch18behaviour_mode_setEv)
    Catch::behaviour_control_set(float*, float*, float*) 0x08006f91   Thumb Code    54  catch.o(i._ZN5Catch21behaviour_control_setEPfS0_S0_)
    Catch::catch_open_set_control(float*, float*, float*) 0x08006fcd   Thumb Code   130  catch.o(i._ZN5Catch22catch_open_set_controlEPfS0_S0_)
    Catch::init()                            0x08007055   Thumb Code   538  catch.o(i._ZN5Catch4initEv)
    Catch::solve()                           0x08007289   Thumb Code    36  catch.o(i._ZN5Catch5solveEv)
    Catch::output()                          0x080072ad   Thumb Code    60  catch.o(i._ZN5Catch6outputEv)
    Catch::set_mode()                        0x080072ed   Thumb Code     4  catch.o(i._ZN5Catch8set_modeEv)
    MinePush::set_control()                  0x080072f1   Thumb Code    60  minepush.o(i._ZN8MinePush11set_controlEv)
    MinePush::auto_control(auto_mode_e*)     0x08007331   Thumb Code    48  minepush.o(i._ZN8MinePush12auto_controlEP11auto_mode_e)
    MinePush::feedback_update()              0x08007365   Thumb Code   122  minepush.o(i._ZN8MinePush15feedback_updateEv)
    MinePush::motor_set_control(Mine_motor*) 0x080073ed   Thumb Code    80  minepush.o(i._ZN8MinePush17motor_set_controlEP10Mine_motor)
    MinePush::behaviour_mode_set()           0x0800743d   Thumb Code   262  minepush.o(i._ZN8MinePush18behaviour_mode_setEv)
    MinePush::behaviour_control_set(float*, float*) 0x08007549   Thumb Code    52  minepush.o(i._ZN8MinePush21behaviour_control_setEPfS0_)
    MinePush::mine_open_set_control(float*, float*) 0x08007581   Thumb Code    48  minepush.o(i._ZN8MinePush21mine_open_set_controlEPfS0_)
    MinePush::init()                         0x080075b5   Thumb Code   280  minepush.o(i._ZN8MinePush4initEv)
    MinePush::solve()                        0x080076e5   Thumb Code    36  minepush.o(i._ZN8MinePush5solveEv)
    MinePush::output()                       0x08007709   Thumb Code    56  minepush.o(i._ZN8MinePush6outputEv)
    MinePush::set_mode()                     0x08007745   Thumb Code     4  minepush.o(i._ZN8MinePush8set_modeEv)
    PhotoSpin::output()                      0x08007749   Thumb Code    62  minepush.o(i._ZN9PhotoSpin6outputEv)
    can_filter_init                          0x080077b1   Thumb Code    80  bsp_can.o(i.can_filter_init)
    delay_init                               0x08007809   Thumb Code    26  bsp_delay.o(i.delay_init)
    fifo_s_puts                              0x08007831   Thumb Code   124  fifo.o(i.fifo_s_puts)
    main                                     0x080078ad   Thumb Code   122  main.o(i.main)
    osDelay                                  0x0800793d   Thumb Code    14  cmsis_os.o(i.osDelay)
    osKernelStart                            0x0800794b   Thumb Code    10  cmsis_os.o(i.osKernelStart)
    osThreadCreate                           0x08007955   Thumb Code    84  cmsis_os.o(i.osThreadCreate)
    osThreadTerminate                        0x080079a9   Thumb Code    10  cmsis_os.o(i.osThreadTerminate)
    pvPortMalloc                             0x0800815d   Thumb Code   216  heap_4.o(i.pvPortMalloc)
    pxPortInitialiseStack                    0x08008239   Thumb Code    40  port.o(i.pxPortInitialiseStack)
    start_task                               0x08008265   Thumb Code    20  freertos.o(i.start_task)
    test_task                                0x0800827d   Thumb Code    14  freertos.o(i.test_task)
    usart1_tx_dma_enable                     0x0800828d   Thumb Code    88  bsp_usart.o(i.usart1_tx_dma_enable)
    usart1_tx_dma_init                       0x080082f1   Thumb Code    60  bsp_usart.o(i.usart1_tx_dma_init)
    uxListRemove                             0x08008339   Thumb Code    38  list.o(i.uxListRemove)
    vApplicationGetIdleTaskMemory            0x08008361   Thumb Code    16  freertos.o(i.vApplicationGetIdleTaskMemory)
    vApplicationGetTimerTaskMemory           0x08008375   Thumb Code    18  freertos.o(i.vApplicationGetTimerTaskMemory)
    vListInitialise                          0x0800838d   Thumb Code    22  list.o(i.vListInitialise)
    vListInitialiseItem                      0x080083a3   Thumb Code     6  list.o(i.vListInitialiseItem)
    vListInsert                              0x080083a9   Thumb Code    48  list.o(i.vListInsert)
    vListInsertEnd                           0x080083d9   Thumb Code    24  list.o(i.vListInsertEnd)
    vPortEnterCritical                       0x080083f1   Thumb Code    54  port.o(i.vPortEnterCritical)
    vPortExitCritical                        0x08008431   Thumb Code    34  port.o(i.vPortExitCritical)
    vPortFree                                0x08008459   Thumb Code    94  heap_4.o(i.vPortFree)
    vPortSetupTimerInterrupt                 0x080084bd   Thumb Code    32  port.o(i.vPortSetupTimerInterrupt)
    vPortValidateInterruptPriority           0x080084e1   Thumb Code    74  port.o(i.vPortValidateInterruptPriority)
    vQueueAddToRegistry                      0x08008535   Thumb Code    34  queue.o(i.vQueueAddToRegistry)
    vQueueWaitForMessageRestricted           0x0800855d   Thumb Code    68  queue.o(i.vQueueWaitForMessageRestricted)
    vTaskDelay                               0x080085a1   Thumb Code    66  tasks.o(i.vTaskDelay)
    vTaskDelete                              0x080085ed   Thumb Code   158  tasks.o(i.vTaskDelete)
    vTaskInternalSetTimeOutState             0x08008699   Thumb Code    12  tasks.o(i.vTaskInternalSetTimeOutState)
    vTaskMissedYield                         0x080086a9   Thumb Code     8  tasks.o(i.vTaskMissedYield)
    vTaskPlaceOnEventList                    0x080086b5   Thumb Code    44  tasks.o(i.vTaskPlaceOnEventList)
    vTaskPlaceOnEventListRestricted          0x080086e5   Thumb Code    52  tasks.o(i.vTaskPlaceOnEventListRestricted)
    vTaskStartScheduler                      0x0800871d   Thumb Code   118  tasks.o(i.vTaskStartScheduler)
    vTaskSuspendAll                          0x080087a5   Thumb Code    10  tasks.o(i.vTaskSuspendAll)
    vTaskSwitchContext                       0x080087b5   Thumb Code    82  tasks.o(i.vTaskSwitchContext)
    xPortStartScheduler                      0x08008811   Thumb Code   222  port.o(i.xPortStartScheduler)
    xPortSysTickHandler                      0x08008905   Thumb Code    38  port.o(i.xPortSysTickHandler)
    xQueueGenericCreateStatic                0x08008931   Thumb Code   102  queue.o(i.xQueueGenericCreateStatic)
    xQueueGenericReset                       0x08008999   Thumb Code   132  queue.o(i.xQueueGenericReset)
    xQueueGenericSend                        0x08008a21   Thumb Code   346  queue.o(i.xQueueGenericSend)
    xQueueGenericSendFromISR                 0x08008b81   Thumb Code   190  queue.o(i.xQueueGenericSendFromISR)
    xQueueReceive                            0x08008c41   Thumb Code   308  queue.o(i.xQueueReceive)
    xTaskCheckForTimeOut                     0x08008d79   Thumb Code   132  tasks.o(i.xTaskCheckForTimeOut)
    xTaskCreate                              0x08008e01   Thumb Code    90  tasks.o(i.xTaskCreate)
    xTaskCreateStatic                        0x08008e5b   Thumb Code    86  tasks.o(i.xTaskCreateStatic)
    xTaskGetSchedulerState                   0x08008eb1   Thumb Code    22  tasks.o(i.xTaskGetSchedulerState)
    xTaskGetTickCount                        0x08008ecd   Thumb Code     6  tasks.o(i.xTaskGetTickCount)
    xTaskIncrementTick                       0x08008ed9   Thumb Code   194  tasks.o(i.xTaskIncrementTick)
    xTaskPriorityDisinherit                  0x08008fa5   Thumb Code   144  tasks.o(i.xTaskPriorityDisinherit)
    xTaskRemoveFromEventList                 0x0800903d   Thumb Code   108  tasks.o(i.xTaskRemoveFromEventList)
    xTaskResumeAll                           0x080090b1   Thumb Code   182  tasks.o(i.xTaskResumeAll)
    xTimerCreateTimerTask                    0x08009175   Thumb Code    78  timers.o(i.xTimerCreateTimerTask)
    xTimerGenericCommand                     0x080091d5   Thumb Code    98  timers.o(i.xTimerGenericCommand)
    _fp_init                                 0x0800923d   Thumb Code    10  fpinit.o(x$fpl$fpinit)
    __fplib_config_fpu_vfp                   0x08009245   Thumb Code     0  fpinit.o(x$fpl$fpinit)
    __fplib_config_pureend_doubles           0x08009245   Thumb Code     0  fpinit.o(x$fpl$fpinit)
    AHBPrescTable                            0x08009288   Data          16  system_stm32f4xx.o(.constdata)
    APBPrescTable                            0x08009298   Data           8  system_stm32f4xx.o(.constdata)
    Region$$Table$$Base                      0x08009378   Number         0  anon$$obj.o(Region$$Table)
    Region$$Table$$Limit                     0x08009398   Number         0  anon$$obj.o(Region$$Table)
    startTaskHandle                          0x20000000   Data           4  freertos.o(.data)
    testHandle                               0x20000004   Data           4  freertos.o(.data)
    hcrc                                     0x2000000c   Data           8  crc.o(.data)
    FS_Desc                                  0x20000014   Data          28  usbd_desc.o(.data)
    USBD_LangIDDesc                          0x20000030   Data           4  usbd_desc.o(.data)
    USBD_FS_DeviceDesc                       0x20000034   Data          18  usbd_desc.o(.data)
    USBD_StringSerial                        0x20000048   Data          26  usbd_desc.o(.data)
    USBD_Interface_fops_FS                   0x20000064   Data          20  usbd_cdc_if.o(.data)
    uwTickFreq                               0x20000078   Data           1  stm32f4xx_hal.o(.data)
    uwTickPrio                               0x2000007c   Data           4  stm32f4xx_hal.o(.data)
    uwTick                                   0x20000080   Data           4  stm32f4xx_hal.o(.data)
    SystemCoreClock                          0x20000084   Data           4  system_stm32f4xx.o(.data)
    pxCurrentTCB                             0x20000088   Data           4  tasks.o(.data)
    USBD_CDC                                 0x200001e0   Data          56  usbd_cdc.o(.data)
    my_test_task_handle                      0x20000218   Data           4  system_config.o(.data)
    communicate_task_handle                  0x2000021c   Data           4  system_config.o(.data)
    mine_task_handle                         0x20000220   Data           4  system_config.o(.data)
    test_flag                                0x20000224   Data           1  my_test_task.o(.data)
    communicate_flag                         0x20000225   Data           1  communicate_task.o(.data)
    communicate                              0x20000234   Data           1  communicate.o(.data)
    photospin                                0x20000240   Data           5  minepush.o(.data)
    STRETCH_LEN                              0x20000248   Data          20  minepush.o(.data)
    ROTATE_ANGLE                             0x20000268   Data          60  catch.o(.data)
    hadc1                                    0x20000958   Data          72  adc.o(.bss)
    hadc3                                    0x200009a0   Data          72  adc.o(.bss)
    hcan1                                    0x200009e8   Data          40  can.o(.bss)
    hcan2                                    0x20000a10   Data          40  can.o(.bss)
    hi2c1                                    0x20000a38   Data          84  i2c.o(.bss)
    hi2c2                                    0x20000a8c   Data          84  i2c.o(.bss)
    hi2c3                                    0x20000ae0   Data          84  i2c.o(.bss)
    hdma_i2c2_tx                             0x20000b34   Data          96  i2c.o(.bss)
    hrng                                     0x20000b94   Data          16  rng.o(.bss)
    hrtc                                     0x20000ba4   Data          32  rtc.o(.bss)
    hspi1                                    0x20000bc4   Data          88  spi.o(.bss)
    hspi2                                    0x20000c1c   Data          88  spi.o(.bss)
    hdma_spi1_rx                             0x20000c74   Data          96  spi.o(.bss)
    hdma_spi1_tx                             0x20000cd4   Data          96  spi.o(.bss)
    htim1                                    0x20000d34   Data          72  tim.o(.bss)
    htim3                                    0x20000d7c   Data          72  tim.o(.bss)
    htim4                                    0x20000dc4   Data          72  tim.o(.bss)
    htim5                                    0x20000e0c   Data          72  tim.o(.bss)
    htim8                                    0x20000e54   Data          72  tim.o(.bss)
    htim10                                   0x20000e9c   Data          72  tim.o(.bss)
    huart1                                   0x20000ee4   Data          68  usart.o(.bss)
    huart3                                   0x20000f28   Data          68  usart.o(.bss)
    huart6                                   0x20000f6c   Data          68  usart.o(.bss)
    hdma_usart1_tx                           0x20000fb0   Data          96  usart.o(.bss)
    hdma_usart3_rx                           0x20001010   Data          96  usart.o(.bss)
    hdma_usart6_rx                           0x20001070   Data          96  usart.o(.bss)
    hdma_usart6_tx                           0x200010d0   Data          96  usart.o(.bss)
    hUsbDeviceFS                             0x20001130   Data         720  usb_device.o(.bss)
    hpcd_USB_OTG_FS                          0x20001620   Data        1032  usbd_conf.o(.bss)
    USBD_StrDesc                             0x20001a28   Data         512  usbd_desc.o(.bss)
    UserRxBufferFS                           0x20001c28   Data        2048  usbd_cdc_if.o(.bss)
    UserTxBufferFS                           0x20002428   Data        2048  usbd_cdc_if.o(.bss)
    xQueueRegistry                           0x20002c28   Data          64  queue.o(.bss)
    error_list                               0x20008e68   Data         756  detect_task.o(.bss)
    remote_control                           0x2000915c   Data         116  communicate.o(.bss)
    referee                                  0x200091d0   Data        2244  communicate.o(.bss)
    minepush                                 0x20009a94   Data         708  minepush.o(.bss)
    Auto                                     0x20009d58   Data          20  auto.o(.bss)
    minecatch                                0x20009d6c   Data         724  catch.o(.bss)
    can_receive                              0x2000a054   Data         340  ui.o(.bss)
    __libspace_start                         0x2000a1a8   Data          96  libspace.o(.bss)
    __temporary_stack_top$libspace           0x2000a208   Data           0  libspace.o(.bss)



==============================================================================

Memory Map of the image

  Image Entry point : 0x08000189

  Load Region LR_IROM1 (Base: 0x08000000, Size: 0x00009648, Max: 0x00100000, ABSOLUTE, COMPRESSED[0x00009470])

    Execution Region ER_IROM1 (Exec base: 0x08000000, Load base: 0x08000000, Size: 0x00009398, Max: 0x00100000, ABSOLUTE)

    Exec Addr    Load Addr    Size         Type   Attr      Idx    E Section Name        Object

    0x08000000   0x08000000   0x00000188   Data   RO            3    RESET               startup_stm32f407xx.o
    0x08000188   0x08000188   0x00000008   Code   RO        10436  * !!!main             c_w.l(__main.o)
    0x08000190   0x08000190   0x00000034   Code   RO        10651    !!!scatter          c_w.l(__scatter.o)
    0x080001c4   0x080001c4   0x0000005a   Code   RO        10649    !!dczerorl2         c_w.l(__dczerorl2.o)
    0x0800021e   0x0800021e   0x00000002   PAD
    0x08000220   0x08000220   0x0000001c   Code   RO        10653    !!handler_zi        c_w.l(__scatter_zi.o)
    0x0800023c   0x0800023c   0x00000002   Code   RO        10586    .ARM.Collect$$libinit$$00000000  c_w.l(libinit.o)
    0x0800023e   0x0800023e   0x00000004   Code   RO        10472    .ARM.Collect$$libinit$$00000001  c_w.l(libinit2.o)
    0x08000242   0x08000242   0x00000000   Code   RO        10475    .ARM.Collect$$libinit$$00000004  c_w.l(libinit2.o)
    0x08000242   0x08000242   0x00000000   Code   RO        10478    .ARM.Collect$$libinit$$0000000A  c_w.l(libinit2.o)
    0x08000242   0x08000242   0x00000000   Code   RO        10480    .ARM.Collect$$libinit$$0000000C  c_w.l(libinit2.o)
    0x08000242   0x08000242   0x00000000   Code   RO        10482    .ARM.Collect$$libinit$$0000000E  c_w.l(libinit2.o)
    0x08000242   0x08000242   0x00000000   Code   RO        10485    .ARM.Collect$$libinit$$00000011  c_w.l(libinit2.o)
    0x08000242   0x08000242   0x00000000   Code   RO        10487    .ARM.Collect$$libinit$$00000013  c_w.l(libinit2.o)
    0x08000242   0x08000242   0x00000000   Code   RO        10489    .ARM.Collect$$libinit$$00000015  c_w.l(libinit2.o)
    0x08000242   0x08000242   0x00000000   Code   RO        10491    .ARM.Collect$$libinit$$00000017  c_w.l(libinit2.o)
    0x08000242   0x08000242   0x00000000   Code   RO        10493    .ARM.Collect$$libinit$$00000019  c_w.l(libinit2.o)
    0x08000242   0x08000242   0x00000000   Code   RO        10495    .ARM.Collect$$libinit$$0000001B  c_w.l(libinit2.o)
    0x08000242   0x08000242   0x00000000   Code   RO        10497    .ARM.Collect$$libinit$$0000001D  c_w.l(libinit2.o)
    0x08000242   0x08000242   0x00000000   Code   RO        10499    .ARM.Collect$$libinit$$0000001F  c_w.l(libinit2.o)
    0x08000242   0x08000242   0x00000000   Code   RO        10501    .ARM.Collect$$libinit$$00000021  c_w.l(libinit2.o)
    0x08000242   0x08000242   0x00000000   Code   RO        10503    .ARM.Collect$$libinit$$00000023  c_w.l(libinit2.o)
    0x08000242   0x08000242   0x00000000   Code   RO        10505    .ARM.Collect$$libinit$$00000025  c_w.l(libinit2.o)
    0x08000242   0x08000242   0x00000000   Code   RO        10509    .ARM.Collect$$libinit$$0000002C  c_w.l(libinit2.o)
    0x08000242   0x08000242   0x00000000   Code   RO        10511    .ARM.Collect$$libinit$$0000002E  c_w.l(libinit2.o)
    0x08000242   0x08000242   0x00000000   Code   RO        10513    .ARM.Collect$$libinit$$00000030  c_w.l(libinit2.o)
    0x08000242   0x08000242   0x00000000   Code   RO        10515    .ARM.Collect$$libinit$$00000032  c_w.l(libinit2.o)
    0x08000242   0x08000242   0x00000002   Code   RO        10516    .ARM.Collect$$libinit$$00000033  c_w.l(libinit2.o)
    0x08000244   0x08000244   0x00000002   Code   RO        10646    .ARM.Collect$$libshutdown$$00000000  c_w.l(libshutdown.o)
    0x08000246   0x08000246   0x00000000   Code   RO        10602    .ARM.Collect$$libshutdown$$00000002  c_w.l(libshutdown2.o)
    0x08000246   0x08000246   0x00000000   Code   RO        10604    .ARM.Collect$$libshutdown$$00000004  c_w.l(libshutdown2.o)
    0x08000246   0x08000246   0x00000000   Code   RO        10606    .ARM.Collect$$libshutdown$$00000006  c_w.l(libshutdown2.o)
    0x08000246   0x08000246   0x00000000   Code   RO        10609    .ARM.Collect$$libshutdown$$00000009  c_w.l(libshutdown2.o)
    0x08000246   0x08000246   0x00000000   Code   RO        10612    .ARM.Collect$$libshutdown$$0000000C  c_w.l(libshutdown2.o)
    0x08000246   0x08000246   0x00000000   Code   RO        10614    .ARM.Collect$$libshutdown$$0000000E  c_w.l(libshutdown2.o)
    0x08000246   0x08000246   0x00000000   Code   RO        10617    .ARM.Collect$$libshutdown$$00000011  c_w.l(libshutdown2.o)
    0x08000246   0x08000246   0x00000002   Code   RO        10618    .ARM.Collect$$libshutdown$$00000012  c_w.l(libshutdown2.o)
    0x08000248   0x08000248   0x00000000   Code   RO        10440    .ARM.Collect$$rtentry$$00000000  c_w.l(__rtentry.o)
    0x08000248   0x08000248   0x00000000   Code   RO        10523    .ARM.Collect$$rtentry$$00000002  c_w.l(__rtentry2.o)
    0x08000248   0x08000248   0x00000006   Code   RO        10535    .ARM.Collect$$rtentry$$00000004  c_w.l(__rtentry4.o)
    0x0800024e   0x0800024e   0x00000000   Code   RO        10525    .ARM.Collect$$rtentry$$00000009  c_w.l(__rtentry2.o)
    0x0800024e   0x0800024e   0x00000004   Code   RO        10526    .ARM.Collect$$rtentry$$0000000A  c_w.l(__rtentry2.o)
    0x08000252   0x08000252   0x00000000   Code   RO        10528    .ARM.Collect$$rtentry$$0000000C  c_w.l(__rtentry2.o)
    0x08000252   0x08000252   0x00000008   Code   RO        10529    .ARM.Collect$$rtentry$$0000000D  c_w.l(__rtentry2.o)
    0x0800025a   0x0800025a   0x00000002   Code   RO        10589    .ARM.Collect$$rtexit$$00000000  c_w.l(rtexit.o)
    0x0800025c   0x0800025c   0x00000000   Code   RO        10622    .ARM.Collect$$rtexit$$00000002  c_w.l(rtexit2.o)
    0x0800025c   0x0800025c   0x00000004   Code   RO        10623    .ARM.Collect$$rtexit$$00000003  c_w.l(rtexit2.o)
    0x08000260   0x08000260   0x00000006   Code   RO        10624    .ARM.Collect$$rtexit$$00000004  c_w.l(rtexit2.o)
    0x08000266   0x08000266   0x00000002   PAD
    0x08000268   0x08000268   0x000000be   Code   RO         7740    .emb_text           port.o
    0x08000326   0x08000326   0x00000002   PAD
    0x08000328   0x08000328   0x00000040   Code   RO            4    .text               startup_stm32f407xx.o
    0x08000368   0x08000368   0x000000ee   Code   RO        10416    .text               c_w.l(lludivv7m.o)
    0x08000456   0x08000456   0x0000008a   Code   RO        10422    .text               c_w.l(rt_memcpy_v6.o)
    0x080004e0   0x080004e0   0x00000064   Code   RO        10424    .text               c_w.l(rt_memcpy_w.o)
    0x08000544   0x08000544   0x00000010   Code   RO        10428    .text               c_w.l(aeabi_memset.o)
    0x08000554   0x08000554   0x00000044   Code   RO        10430    .text               c_w.l(rt_memclr.o)
    0x08000598   0x08000598   0x0000004e   Code   RO        10432    .text               c_w.l(rt_memclr_w.o)
    0x080005e6   0x080005e6   0x00000006   Code   RO        10434    .text               c_w.l(heapauxi.o)
    0x080005ec   0x080005ec   0x00000008   Code   RO        10519    .text               c_w.l(libspace.o)
    0x080005f4   0x080005f4   0x00000002   Code   RO        10558    .text               c_w.l(use_no_semi.o)
    0x080005f6   0x080005f6   0x00000000   Code   RO        10560    .text               c_w.l(indicate_semi.o)
    0x080005f6   0x080005f6   0x0000004a   Code   RO        10561    .text               c_w.l(sys_stackheap_outer.o)
    0x08000640   0x08000640   0x00000012   Code   RO        10567    .text               c_w.l(exit.o)
    0x08000652   0x08000652   0x00000002   PAD
    0x08000654   0x08000654   0x0000000c   Code   RO        10587    .text               c_w.l(sys_exit.o)
    0x08000660   0x08000660   0x00000128   Code   RO         3110    i.ADC_Init          stm32f4xx_hal_adc.o
    0x08000788   0x08000788   0x00000002   Code   RO         1262    i.BusFault_Handler  stm32f4xx_it.o
    0x0800078a   0x0800078a   0x00000002   PAD
    0x0800078c   0x0800078c   0x0000000c   Code   RO         1263    i.CAN1_RX0_IRQHandler  stm32f4xx_it.o
    0x08000798   0x08000798   0x0000000c   Code   RO         1264    i.CAN2_RX0_IRQHandler  stm32f4xx_it.o
    0x080007a4   0x080007a4   0x00000004   Code   RO         1205    i.CDC_Control_FS    usbd_cdc_if.o
    0x080007a8   0x080007a8   0x00000004   Code   RO         1206    i.CDC_DeInit_FS     usbd_cdc_if.o
    0x080007ac   0x080007ac   0x00000024   Code   RO         1207    i.CDC_Init_FS       usbd_cdc_if.o
    0x080007d0   0x080007d0   0x00000018   Code   RO         1208    i.CDC_Receive_FS    usbd_cdc_if.o
    0x080007e8   0x080007e8   0x00000004   Code   RO         1209    i.CDC_TransmitCplt_FS  usbd_cdc_if.o
    0x080007ec   0x080007ec   0x0000000c   Code   RO         1265    i.DMA2_Stream1_IRQHandler  stm32f4xx_it.o
    0x080007f8   0x080007f8   0x0000000c   Code   RO         1266    i.DMA2_Stream6_IRQHandler  stm32f4xx_it.o
    0x08000804   0x08000804   0x0000000c   Code   RO         1267    i.DMA2_Stream7_IRQHandler  stm32f4xx_it.o
    0x08000810   0x08000810   0x00000028   Code   RO         2434    i.DMA_CalcBaseAndBitshift  stm32f4xx_hal_dma.o
    0x08000838   0x08000838   0x00000054   Code   RO         2435    i.DMA_CheckFifoParam  stm32f4xx_hal_dma.o
    0x0800088c   0x0800088c   0x00000002   Code   RO         1268    i.DebugMon_Handler  stm32f4xx_it.o
    0x0800088e   0x0800088e   0x00000006   Code   RO         1269    i.EXTI0_IRQHandler  stm32f4xx_it.o
    0x08000894   0x08000894   0x00000006   Code   RO         1270    i.EXTI3_IRQHandler  stm32f4xx_it.o
    0x0800089a   0x0800089a   0x00000006   Code   RO         1271    i.EXTI4_IRQHandler  stm32f4xx_it.o
    0x080008a0   0x080008a0   0x00000006   Code   RO         1272    i.EXTI9_5_IRQHandler  stm32f4xx_it.o
    0x080008a6   0x080008a6   0x00000004   Code   RO           13    i.Error_Handler     main.o
    0x080008aa   0x080008aa   0x00000002   PAD
    0x080008ac   0x080008ac   0x0000014c   Code   RO         3112    i.HAL_ADC_ConfigChannel  stm32f4xx_hal_adc.o
    0x080009f8   0x080009f8   0x00000054   Code   RO         3121    i.HAL_ADC_Init      stm32f4xx_hal_adc.o
    0x08000a4c   0x08000a4c   0x0000007c   Code   RO          384    i.HAL_ADC_MspInit   adc.o
    0x08000ac8   0x08000ac8   0x00000024   Code   RO         3386    i.HAL_CAN_ActivateNotification  stm32f4xx_hal_can.o
    0x08000aec   0x08000aec   0x000000dc   Code   RO         3387    i.HAL_CAN_AddTxMessage  stm32f4xx_hal_can.o
    0x08000bc8   0x08000bc8   0x0000010c   Code   RO         3388    i.HAL_CAN_ConfigFilter  stm32f4xx_hal_can.o
    0x08000cd4   0x08000cd4   0x00000002   Code   RO         3391    i.HAL_CAN_ErrorCallback  stm32f4xx_hal_can.o
    0x08000cd6   0x08000cd6   0x000000e8   Code   RO         3394    i.HAL_CAN_GetRxMessage  stm32f4xx_hal_can.o
    0x08000dbe   0x08000dbe   0x000001fc   Code   RO         3398    i.HAL_CAN_IRQHandler  stm32f4xx_hal_can.o
    0x08000fba   0x08000fba   0x0000011a   Code   RO         3399    i.HAL_CAN_Init      stm32f4xx_hal_can.o
    0x080010d4   0x080010d4   0x000000fc   Code   RO          432    i.HAL_CAN_MspInit   can.o
    0x080011d0   0x080011d0   0x00000002   Code   RO         3406    i.HAL_CAN_RxFifo0FullCallback  stm32f4xx_hal_can.o
    0x080011d2   0x080011d2   0x00000002   PAD
    0x080011d4   0x080011d4   0x00000084   Code   RO         8772    i.HAL_CAN_RxFifo0MsgPendingCallback  communicate.o
    0x08001258   0x08001258   0x00000002   Code   RO         3408    i.HAL_CAN_RxFifo1FullCallback  stm32f4xx_hal_can.o
    0x0800125a   0x0800125a   0x00000002   Code   RO         3409    i.HAL_CAN_RxFifo1MsgPendingCallback  stm32f4xx_hal_can.o
    0x0800125c   0x0800125c   0x00000002   Code   RO         3410    i.HAL_CAN_SleepCallback  stm32f4xx_hal_can.o
    0x0800125e   0x0800125e   0x00000002   PAD
    0x08001260   0x08001260   0x00000058   Code   RO         3411    i.HAL_CAN_Start     stm32f4xx_hal_can.o
    0x080012b8   0x080012b8   0x00000002   Code   RO         3413    i.HAL_CAN_TxMailbox0AbortCallback  stm32f4xx_hal_can.o
    0x080012ba   0x080012ba   0x00000002   Code   RO         3414    i.HAL_CAN_TxMailbox0CompleteCallback  stm32f4xx_hal_can.o
    0x080012bc   0x080012bc   0x00000002   Code   RO         3415    i.HAL_CAN_TxMailbox1AbortCallback  stm32f4xx_hal_can.o
    0x080012be   0x080012be   0x00000002   Code   RO         3416    i.HAL_CAN_TxMailbox1CompleteCallback  stm32f4xx_hal_can.o
    0x080012c0   0x080012c0   0x00000002   Code   RO         3417    i.HAL_CAN_TxMailbox2AbortCallback  stm32f4xx_hal_can.o
    0x080012c2   0x080012c2   0x00000002   Code   RO         3418    i.HAL_CAN_TxMailbox2CompleteCallback  stm32f4xx_hal_can.o
    0x080012c4   0x080012c4   0x00000002   Code   RO         3420    i.HAL_CAN_WakeUpFromRxMsgCallback  stm32f4xx_hal_can.o
    0x080012c6   0x080012c6   0x00000022   Code   RO         3623    i.HAL_CRC_Init      stm32f4xx_hal_crc.o
    0x080012e8   0x080012e8   0x00000028   Code   RO          481    i.HAL_CRC_MspInit   crc.o
    0x08001310   0x08001310   0x000001a0   Code   RO         2442    i.HAL_DMA_IRQHandler  stm32f4xx_hal_dma.o
    0x080014b0   0x080014b0   0x000000d4   Code   RO         2443    i.HAL_DMA_Init      stm32f4xx_hal_dma.o
    0x08001584   0x08001584   0x00000024   Code   RO         2856    i.HAL_Delay         stm32f4xx_hal.o
    0x080015a8   0x080015a8   0x00000002   Code   RO         2328    i.HAL_GPIO_EXTI_Callback  stm32f4xx_hal_gpio.o
    0x080015aa   0x080015aa   0x00000002   PAD
    0x080015ac   0x080015ac   0x00000018   Code   RO         2329    i.HAL_GPIO_EXTI_IRQHandler  stm32f4xx_hal_gpio.o
    0x080015c4   0x080015c4   0x000001f0   Code   RO         2330    i.HAL_GPIO_Init     stm32f4xx_hal_gpio.o
    0x080017b4   0x080017b4   0x0000000a   Code   RO         2332    i.HAL_GPIO_ReadPin  stm32f4xx_hal_gpio.o
    0x080017be   0x080017be   0x0000000a   Code   RO         2334    i.HAL_GPIO_WritePin  stm32f4xx_hal_gpio.o
    0x080017c8   0x080017c8   0x0000000c   Code   RO         2862    i.HAL_GetTick       stm32f4xx_hal.o
    0x080017d4   0x080017d4   0x00000188   Code   RO         3690    i.HAL_I2C_Init      stm32f4xx_hal_i2c.o
    0x0800195c   0x0800195c   0x00000158   Code   RO          547    i.HAL_I2C_MspInit   i2c.o
    0x08001ab4   0x08001ab4   0x00000010   Code   RO         2868    i.HAL_IncTick       stm32f4xx_hal.o
    0x08001ac4   0x08001ac4   0x00000034   Code   RO         2869    i.HAL_Init          stm32f4xx_hal.o
    0x08001af8   0x08001af8   0x00000040   Code   RO         2870    i.HAL_InitTick      stm32f4xx_hal.o
    0x08001b38   0x08001b38   0x00000038   Code   RO         1386    i.HAL_MspInit       stm32f4xx_hal_msp.o
    0x08001b70   0x08001b70   0x0000001a   Code   RO         2719    i.HAL_NVIC_EnableIRQ  stm32f4xx_hal_cortex.o
    0x08001b8a   0x08001b8a   0x00000002   PAD
    0x08001b8c   0x08001b8c   0x00000040   Code   RO         2725    i.HAL_NVIC_SetPriority  stm32f4xx_hal_cortex.o
    0x08001bcc   0x08001bcc   0x00000024   Code   RO         2726    i.HAL_NVIC_SetPriorityGrouping  stm32f4xx_hal_cortex.o
    0x08001bf0   0x08001bf0   0x00000002   Code   RO         1637    i.HAL_PCDEx_LPM_Callback  stm32f4xx_hal_pcd_ex.o
    0x08001bf2   0x08001bf2   0x00000008   Code   RO         1638    i.HAL_PCDEx_SetRxFiFo  stm32f4xx_hal_pcd_ex.o
    0x08001bfa   0x08001bfa   0x00000044   Code   RO         1639    i.HAL_PCDEx_SetTxFiFo  stm32f4xx_hal_pcd_ex.o
    0x08001c3e   0x08001c3e   0x00000008   Code   RO          912    i.HAL_PCD_ConnectCallback  usbd_conf.o
    0x08001c46   0x08001c46   0x00000012   Code   RO          913    i.HAL_PCD_DataInStageCallback  usbd_conf.o
    0x08001c58   0x08001c58   0x00000014   Code   RO          914    i.HAL_PCD_DataOutStageCallback  usbd_conf.o
    0x08001c6c   0x08001c6c   0x00000008   Code   RO          915    i.HAL_PCD_DisconnectCallback  usbd_conf.o
    0x08001c74   0x08001c74   0x0000004c   Code   RO         1419    i.HAL_PCD_EP_Close  stm32f4xx_hal_pcd.o
    0x08001cc0   0x08001cc0   0x0000005c   Code   RO         1420    i.HAL_PCD_EP_ClrStall  stm32f4xx_hal_pcd.o
    0x08001d1c   0x08001d1c   0x00000012   Code   RO         1422    i.HAL_PCD_EP_GetRxCount  stm32f4xx_hal_pcd.o
    0x08001d2e   0x08001d2e   0x00000060   Code   RO         1423    i.HAL_PCD_EP_Open   stm32f4xx_hal_pcd.o
    0x08001d8e   0x08001d8e   0x00000048   Code   RO         1424    i.HAL_PCD_EP_Receive  stm32f4xx_hal_pcd.o
    0x08001dd6   0x08001dd6   0x00000074   Code   RO         1425    i.HAL_PCD_EP_SetStall  stm32f4xx_hal_pcd.o
    0x08001e4a   0x08001e4a   0x00000040   Code   RO         1426    i.HAL_PCD_EP_Transmit  stm32f4xx_hal_pcd.o
    0x08001e8a   0x08001e8a   0x00000002   PAD
    0x08001e8c   0x08001e8c   0x00000434   Code   RO         1428    i.HAL_PCD_IRQHandler  stm32f4xx_hal_pcd.o
    0x080022c0   0x080022c0   0x00000008   Code   RO          916    i.HAL_PCD_ISOINIncompleteCallback  usbd_conf.o
    0x080022c8   0x080022c8   0x00000008   Code   RO          917    i.HAL_PCD_ISOOUTIncompleteCallback  usbd_conf.o
    0x080022d0   0x080022d0   0x000000e2   Code   RO         1431    i.HAL_PCD_Init      stm32f4xx_hal_pcd.o
    0x080023b2   0x080023b2   0x00000002   PAD
    0x080023b4   0x080023b4   0x00000084   Code   RO          919    i.HAL_PCD_MspInit   usbd_conf.o
    0x08002438   0x08002438   0x0000002c   Code   RO          920    i.HAL_PCD_ResetCallback  usbd_conf.o
    0x08002464   0x08002464   0x00000008   Code   RO          921    i.HAL_PCD_ResumeCallback  usbd_conf.o
    0x0800246c   0x0800246c   0x00000008   Code   RO          922    i.HAL_PCD_SOFCallback  usbd_conf.o
    0x08002474   0x08002474   0x00000028   Code   RO         1437    i.HAL_PCD_SetAddress  stm32f4xx_hal_pcd.o
    0x0800249c   0x0800249c   0x0000000e   Code   RO          923    i.HAL_PCD_SetupStageCallback  usbd_conf.o
    0x080024aa   0x080024aa   0x00000042   Code   RO         1439    i.HAL_PCD_Start     stm32f4xx_hal_pcd.o
    0x080024ec   0x080024ec   0x00000030   Code   RO          924    i.HAL_PCD_SuspendCallback  usbd_conf.o
    0x0800251c   0x0800251c   0x0000013c   Code   RO         2081    i.HAL_RCCEx_PeriphCLKConfig  stm32f4xx_hal_rcc_ex.o
    0x08002658   0x08002658   0x00000134   Code   RO         1976    i.HAL_RCC_ClockConfig  stm32f4xx_hal_rcc.o
    0x0800278c   0x0800278c   0x0000000c   Code   RO         1981    i.HAL_RCC_GetHCLKFreq  stm32f4xx_hal_rcc.o
    0x08002798   0x08002798   0x00000020   Code   RO         1983    i.HAL_RCC_GetPCLK1Freq  stm32f4xx_hal_rcc.o
    0x080027b8   0x080027b8   0x00000020   Code   RO         1984    i.HAL_RCC_GetPCLK2Freq  stm32f4xx_hal_rcc.o
    0x080027d8   0x080027d8   0x00000064   Code   RO         1985    i.HAL_RCC_GetSysClockFreq  stm32f4xx_hal_rcc.o
    0x0800283c   0x0800283c   0x0000036c   Code   RO         1988    i.HAL_RCC_OscConfig  stm32f4xx_hal_rcc.o
    0x08002ba8   0x08002ba8   0x00000032   Code   RO         4138    i.HAL_RNG_Init      stm32f4xx_hal_rng.o
    0x08002bda   0x08002bda   0x00000002   PAD
    0x08002bdc   0x08002bdc   0x00000028   Code   RO          601    i.HAL_RNG_MspInit   rng.o
    0x08002c04   0x08002c04   0x000000ac   Code   RO         4244    i.HAL_RTC_Init      stm32f4xx_hal_rtc.o
    0x08002cb0   0x08002cb0   0x0000003c   Code   RO          643    i.HAL_RTC_MspInit   rtc.o
    0x08002cec   0x08002cec   0x00000036   Code   RO         4252    i.HAL_RTC_WaitForSynchro  stm32f4xx_hal_rtc.o
    0x08002d22   0x08002d22   0x000000bc   Code   RO         4637    i.HAL_SPI_Init      stm32f4xx_hal_spi.o
    0x08002dde   0x08002dde   0x00000002   PAD
    0x08002de0   0x08002de0   0x00000148   Code   RO          685    i.HAL_SPI_MspInit   spi.o
    0x08002f28   0x08002f28   0x00000028   Code   RO         2730    i.HAL_SYSTICK_Config  stm32f4xx_hal_cortex.o
    0x08002f50   0x08002f50   0x00000054   Code   RO         5657    i.HAL_TIMEx_ConfigBreakDeadTime  stm32f4xx_hal_tim_ex.o
    0x08002fa4   0x08002fa4   0x00000090   Code   RO         5673    i.HAL_TIMEx_MasterConfigSynchronization  stm32f4xx_hal_tim_ex.o
    0x08003034   0x08003034   0x0000005a   Code   RO         4950    i.HAL_TIM_Base_Init  stm32f4xx_hal_tim.o
    0x0800308e   0x0800308e   0x00000002   PAD
    0x08003090   0x08003090   0x000000ac   Code   RO          733    i.HAL_TIM_Base_MspInit  tim.o
    0x0800313c   0x0800313c   0x00000078   Code   RO         4953    i.HAL_TIM_Base_Start  stm32f4xx_hal_tim.o
    0x080031b4   0x080031b4   0x000000dc   Code   RO         4959    i.HAL_TIM_ConfigClockSource  stm32f4xx_hal_tim.o
    0x08003290   0x08003290   0x00000164   Code   RO          734    i.HAL_TIM_MspPostInit  tim.o
    0x080033f4   0x080033f4   0x000000cc   Code   RO         5022    i.HAL_TIM_PWM_ConfigChannel  stm32f4xx_hal_tim.o
    0x080034c0   0x080034c0   0x0000005a   Code   RO         5025    i.HAL_TIM_PWM_Init  stm32f4xx_hal_tim.o
    0x0800351a   0x0800351a   0x00000002   Code   RO         5027    i.HAL_TIM_PWM_MspInit  stm32f4xx_hal_tim.o
    0x0800351c   0x0800351c   0x000000c8   Code   RO         5030    i.HAL_TIM_PWM_Start  stm32f4xx_hal_tim.o
    0x080035e4   0x080035e4   0x00000062   Code   RO         5950    i.HAL_UART_Init     stm32f4xx_hal_uart.o
    0x08003646   0x08003646   0x00000002   PAD
    0x08003648   0x08003648   0x00000224   Code   RO          811    i.HAL_UART_MspInit  usart.o
    0x0800386c   0x0800386c   0x00000002   Code   RO         1273    i.HardFault_Handler  stm32f4xx_it.o
    0x0800386e   0x0800386e   0x00000002   PAD
    0x08003870   0x08003870   0x00000038   Code   RO         1119    i.IntToUnicode      usbd_desc.o
    0x080038a8   0x080038a8   0x00000064   Code   RO          385    i.MX_ADC1_Init      adc.o
    0x0800390c   0x0800390c   0x00000064   Code   RO          386    i.MX_ADC3_Init      adc.o
    0x08003970   0x08003970   0x00000044   Code   RO          433    i.MX_CAN1_Init      can.o
    0x080039b4   0x080039b4   0x00000044   Code   RO          434    i.MX_CAN2_Init      can.o
    0x080039f8   0x080039f8   0x00000024   Code   RO          482    i.MX_CRC_Init       crc.o
    0x08003a1c   0x08003a1c   0x0000009c   Code   RO          522    i.MX_DMA_Init       dma.o
    0x08003ab8   0x08003ab8   0x0000003c   Code   RO          315    i.MX_FREERTOS_Init  freertos.o
    0x08003af4   0x08003af4   0x000001c8   Code   RO          291    i.MX_GPIO_Init      gpio.o
    0x08003cbc   0x08003cbc   0x00000040   Code   RO          548    i.MX_I2C1_Init      i2c.o
    0x08003cfc   0x08003cfc   0x00000040   Code   RO          549    i.MX_I2C2_Init      i2c.o
    0x08003d3c   0x08003d3c   0x00000040   Code   RO          550    i.MX_I2C3_Init      i2c.o
    0x08003d7c   0x08003d7c   0x00000024   Code   RO          602    i.MX_RNG_Init       rng.o
    0x08003da0   0x08003da0   0x00000038   Code   RO          644    i.MX_RTC_Init       rtc.o
    0x08003dd8   0x08003dd8   0x00000048   Code   RO          686    i.MX_SPI1_Init      spi.o
    0x08003e20   0x08003e20   0x00000048   Code   RO          687    i.MX_SPI2_Init      spi.o
    0x08003e68   0x08003e68   0x00000064   Code   RO          735    i.MX_TIM10_Init     tim.o
    0x08003ecc   0x08003ecc   0x000000fc   Code   RO          736    i.MX_TIM1_Init      tim.o
    0x08003fc8   0x08003fc8   0x00000098   Code   RO          737    i.MX_TIM3_Init      tim.o
    0x08004060   0x08004060   0x00000098   Code   RO          738    i.MX_TIM4_Init      tim.o
    0x080040f8   0x080040f8   0x000000b8   Code   RO          739    i.MX_TIM5_Init      tim.o
    0x080041b0   0x080041b0   0x000000dc   Code   RO          740    i.MX_TIM8_Init      tim.o
    0x0800428c   0x0800428c   0x00000038   Code   RO          812    i.MX_USART1_UART_Init  usart.o
    0x080042c4   0x080042c4   0x00000040   Code   RO          813    i.MX_USART3_UART_Init  usart.o
    0x08004304   0x08004304   0x00000038   Code   RO          814    i.MX_USART6_UART_Init  usart.o
    0x0800433c   0x0800433c   0x00000054   Code   RO          864    i.MX_USB_DEVICE_Init  usb_device.o
    0x08004390   0x08004390   0x00000002   Code   RO         1274    i.MemManage_Handler  stm32f4xx_it.o
    0x08004392   0x08004392   0x00000002   Code   RO         1275    i.NMI_Handler       stm32f4xx_it.o
    0x08004394   0x08004394   0x0000000c   Code   RO         1276    i.OTG_FS_IRQHandler  stm32f4xx_it.o
    0x080043a0   0x080043a0   0x000000cc   Code   RO         1443    i.PCD_EP_OutXfrComplete_int  stm32f4xx_hal_pcd.o
    0x0800446c   0x0800446c   0x000000a2   Code   RO         1444    i.PCD_WriteEmptyTxFifo  stm32f4xx_hal_pcd.o
    0x0800450e   0x0800450e   0x00000002   PAD
    0x08004510   0x08004510   0x00000060   Code   RO        10269    i.RC_Init           bsp_rc.o
    0x08004570   0x08004570   0x0000003a   Code   RO         4255    i.RTC_EnterInitMode  stm32f4xx_hal_rtc.o
    0x080045aa   0x080045aa   0x0000000a   Code   RO         7958    i.SWAPBYTE          usbd_ctlreq.o
    0x080045b4   0x080045b4   0x00000018   Code   RO         1277    i.SysTick_Handler   stm32f4xx_it.o
    0x080045cc   0x080045cc   0x00000094   Code   RO           14    i.SystemClock_Config  main.o
    0x08004660   0x08004660   0x00000010   Code   RO         6279    i.SystemInit        system_stm32f4xx.o
    0x08004670   0x08004670   0x00000004   Code   RO         8197    i.System_Resource_Init  system_config.o
    0x08004674   0x08004674   0x000000c8   Code   RO         5043    i.TIM_Base_SetConfig  stm32f4xx_hal_tim.o
    0x0800473c   0x0800473c   0x0000001a   Code   RO         5044    i.TIM_CCxChannelCmd  stm32f4xx_hal_tim.o
    0x08004756   0x08004756   0x00000014   Code   RO         5054    i.TIM_ETR_SetConfig  stm32f4xx_hal_tim.o
    0x0800476a   0x0800476a   0x00000010   Code   RO         5055    i.TIM_ITRx_SetConfig  stm32f4xx_hal_tim.o
    0x0800477a   0x0800477a   0x00000002   PAD
    0x0800477c   0x0800477c   0x00000060   Code   RO         5056    i.TIM_OC1_SetConfig  stm32f4xx_hal_tim.o
    0x080047dc   0x080047dc   0x0000006c   Code   RO         5057    i.TIM_OC2_SetConfig  stm32f4xx_hal_tim.o
    0x08004848   0x08004848   0x00000068   Code   RO         5058    i.TIM_OC3_SetConfig  stm32f4xx_hal_tim.o
    0x080048b0   0x080048b0   0x00000050   Code   RO         5059    i.TIM_OC4_SetConfig  stm32f4xx_hal_tim.o
    0x08004900   0x08004900   0x00000022   Code   RO         5061    i.TIM_TI1_ConfigInputStage  stm32f4xx_hal_tim.o
    0x08004922   0x08004922   0x00000024   Code   RO         5063    i.TIM_TI2_ConfigInputStage  stm32f4xx_hal_tim.o
    0x08004946   0x08004946   0x00000002   PAD
    0x08004948   0x08004948   0x00000088   Code   RO         8198    i.Task_start        system_config.o
    0x080049d0   0x080049d0   0x0000010c   Code   RO         5976    i.UART_SetConfig    stm32f4xx_hal_uart.o
    0x08004adc   0x08004adc   0x000000cc   Code   RO         8773    i.USART3_IRQHandler  communicate.o
    0x08004ba8   0x08004ba8   0x00000090   Code   RO         8774    i.USART6_IRQHandler  communicate.o
    0x08004c38   0x08004c38   0x00000062   Code   RO         8091    i.USBD_CDC_DataIn   usbd_cdc.o
    0x08004c9a   0x08004c9a   0x0000002a   Code   RO         8092    i.USBD_CDC_DataOut  usbd_cdc.o
    0x08004cc4   0x08004cc4   0x00000048   Code   RO         8093    i.USBD_CDC_DeInit   usbd_cdc.o
    0x08004d0c   0x08004d0c   0x0000002e   Code   RO         8094    i.USBD_CDC_EP0_RxReady  usbd_cdc.o
    0x08004d3a   0x08004d3a   0x00000002   PAD
    0x08004d3c   0x08004d3c   0x0000000c   Code   RO         8095    i.USBD_CDC_GetDeviceQualifierDescriptor  usbd_cdc.o
    0x08004d48   0x08004d48   0x0000000c   Code   RO         8096    i.USBD_CDC_GetFSCfgDesc  usbd_cdc.o
    0x08004d54   0x08004d54   0x0000000c   Code   RO         8097    i.USBD_CDC_GetHSCfgDesc  usbd_cdc.o
    0x08004d60   0x08004d60   0x0000000c   Code   RO         8098    i.USBD_CDC_GetOtherSpeedCfgDesc  usbd_cdc.o
    0x08004d6c   0x08004d6c   0x000000a2   Code   RO         8099    i.USBD_CDC_Init     usbd_cdc.o
    0x08004e0e   0x08004e0e   0x00000028   Code   RO         8100    i.USBD_CDC_ReceivePacket  usbd_cdc.o
    0x08004e36   0x08004e36   0x0000000e   Code   RO         8101    i.USBD_CDC_RegisterInterface  usbd_cdc.o
    0x08004e44   0x08004e44   0x00000012   Code   RO         8102    i.USBD_CDC_SetRxBuffer  usbd_cdc.o
    0x08004e56   0x08004e56   0x00000016   Code   RO         8103    i.USBD_CDC_SetTxBuffer  usbd_cdc.o
    0x08004e6c   0x08004e6c   0x000000be   Code   RO         8104    i.USBD_CDC_Setup    usbd_cdc.o
    0x08004f2a   0x08004f2a   0x00000010   Code   RO         7820    i.USBD_ClrClassConfig  usbd_core.o
    0x08004f3a   0x08004f3a   0x00000010   Code   RO         8031    i.USBD_CtlContinueRx  usbd_ioreq.o
    0x08004f4a   0x08004f4a   0x00000010   Code   RO         8032    i.USBD_CtlContinueSendData  usbd_ioreq.o
    0x08004f5a   0x08004f5a   0x00000016   Code   RO         7959    i.USBD_CtlError     usbd_ctlreq.o
    0x08004f70   0x08004f70   0x0000001e   Code   RO         8033    i.USBD_CtlPrepareRx  usbd_ioreq.o
    0x08004f8e   0x08004f8e   0x00000016   Code   RO         8034    i.USBD_CtlReceiveStatus  usbd_ioreq.o
    0x08004fa4   0x08004fa4   0x0000001a   Code   RO         8035    i.USBD_CtlSendData  usbd_ioreq.o
    0x08004fbe   0x08004fbe   0x00000016   Code   RO         8036    i.USBD_CtlSendStatus  usbd_ioreq.o
    0x08004fd4   0x08004fd4   0x00000020   Code   RO         1120    i.USBD_FS_ConfigStrDescriptor  usbd_desc.o
    0x08004ff4   0x08004ff4   0x0000000c   Code   RO         1121    i.USBD_FS_DeviceDescriptor  usbd_desc.o
    0x08005000   0x08005000   0x00000024   Code   RO         1122    i.USBD_FS_InterfaceStrDescriptor  usbd_desc.o
    0x08005024   0x08005024   0x0000000c   Code   RO         1123    i.USBD_FS_LangIDStrDescriptor  usbd_desc.o
    0x08005030   0x08005030   0x00000028   Code   RO         1124    i.USBD_FS_ManufacturerStrDescriptor  usbd_desc.o
    0x08005058   0x08005058   0x0000002c   Code   RO         1125    i.USBD_FS_ProductStrDescriptor  usbd_desc.o
    0x08005084   0x08005084   0x00000038   Code   RO         1126    i.USBD_FS_SerialStrDescriptor  usbd_desc.o
    0x080050bc   0x080050bc   0x000000e6   Code   RO         7960    i.USBD_GetDescriptor  usbd_ctlreq.o
    0x080051a2   0x080051a2   0x00000048   Code   RO         7961    i.USBD_GetString    usbd_ctlreq.o
    0x080051ea   0x080051ea   0x00000018   Code   RO          925    i.USBD_Get_USB_Status  usbd_conf.o
    0x08005202   0x08005202   0x00000026   Code   RO         7822    i.USBD_Init         usbd_core.o
    0x08005228   0x08005228   0x00000012   Code   RO          926    i.USBD_LL_ClearStallEP  usbd_conf.o
    0x0800523a   0x0800523a   0x00000012   Code   RO          927    i.USBD_LL_CloseEP   usbd_conf.o
    0x0800524c   0x0800524c   0x000000a8   Code   RO         7823    i.USBD_LL_DataInStage  usbd_core.o
    0x080052f4   0x080052f4   0x0000006c   Code   RO         7824    i.USBD_LL_DataOutStage  usbd_core.o
    0x08005360   0x08005360   0x00000004   Code   RO         7825    i.USBD_LL_DevConnected  usbd_core.o
    0x08005364   0x08005364   0x00000018   Code   RO         7826    i.USBD_LL_DevDisconnected  usbd_core.o
    0x0800537c   0x0800537c   0x00000008   Code   RO          931    i.USBD_LL_GetRxDataSize  usbd_conf.o
    0x08005384   0x08005384   0x00000060   Code   RO          932    i.USBD_LL_Init      usbd_conf.o
    0x080053e4   0x080053e4   0x00000020   Code   RO          933    i.USBD_LL_IsStallEP  usbd_conf.o
    0x08005404   0x08005404   0x00000020   Code   RO         7827    i.USBD_LL_IsoINIncomplete  usbd_core.o
    0x08005424   0x08005424   0x00000020   Code   RO         7828    i.USBD_LL_IsoOUTIncomplete  usbd_core.o
    0x08005444   0x08005444   0x00000018   Code   RO          934    i.USBD_LL_OpenEP    usbd_conf.o
    0x0800545c   0x0800545c   0x00000012   Code   RO          935    i.USBD_LL_PrepareReceive  usbd_conf.o
    0x0800546e   0x0800546e   0x0000005a   Code   RO         7829    i.USBD_LL_Reset     usbd_core.o
    0x080054c8   0x080054c8   0x00000014   Code   RO         7830    i.USBD_LL_Resume    usbd_core.o
    0x080054dc   0x080054dc   0x00000020   Code   RO         7831    i.USBD_LL_SOF       usbd_core.o
    0x080054fc   0x080054fc   0x00000006   Code   RO         7832    i.USBD_LL_SetSpeed  usbd_core.o
    0x08005502   0x08005502   0x00000012   Code   RO          936    i.USBD_LL_SetUSBAddress  usbd_conf.o
    0x08005514   0x08005514   0x00000060   Code   RO         7833    i.USBD_LL_SetupStage  usbd_core.o
    0x08005574   0x08005574   0x00000012   Code   RO          937    i.USBD_LL_StallEP   usbd_conf.o
    0x08005586   0x08005586   0x00000012   Code   RO          938    i.USBD_LL_Start     usbd_conf.o
    0x08005598   0x08005598   0x00000012   Code   RO         7834    i.USBD_LL_Suspend   usbd_core.o
    0x080055aa   0x080055aa   0x00000012   Code   RO          940    i.USBD_LL_Transmit  usbd_conf.o
    0x080055bc   0x080055bc   0x0000002c   Code   RO         7962    i.USBD_ParseSetupRequest  usbd_ctlreq.o
    0x080055e8   0x080055e8   0x00000024   Code   RO         7835    i.USBD_RegisterClass  usbd_core.o
    0x0800560c   0x0800560c   0x00000014   Code   RO         7837    i.USBD_SetClassConfig  usbd_core.o
    0x08005620   0x08005620   0x000000bc   Code   RO         7963    i.USBD_SetConfig    usbd_ctlreq.o
    0x080056dc   0x080056dc   0x00000004   Code   RO         7838    i.USBD_Start        usbd_core.o
    0x080056e0   0x080056e0   0x00000114   Code   RO         7964    i.USBD_StdDevReq    usbd_ctlreq.o
    0x080057f4   0x080057f4   0x00000140   Code   RO         7965    i.USBD_StdEPReq     usbd_ctlreq.o
    0x08005934   0x08005934   0x00000052   Code   RO         7966    i.USBD_StdItfReq    usbd_ctlreq.o
    0x08005986   0x08005986   0x00000002   Code   RO          941    i.USBD_static_free  usbd_conf.o
    0x08005988   0x08005988   0x00000008   Code   RO          942    i.USBD_static_malloc  usbd_conf.o
    0x08005990   0x08005990   0x00000080   Code   RO         1679    i.USB_ActivateEndpoint  stm32f4xx_ll_usb.o
    0x08005a10   0x08005a10   0x0000001c   Code   RO         1681    i.USB_ActivateSetup  stm32f4xx_ll_usb.o
    0x08005a2c   0x08005a2c   0x00000074   Code   RO         1683    i.USB_CoreInit      stm32f4xx_ll_usb.o
    0x08005aa0   0x08005aa0   0x00000040   Code   RO         1684    i.USB_CoreReset     stm32f4xx_ll_usb.o
    0x08005ae0   0x08005ae0   0x000000cc   Code   RO         1687    i.USB_DeactivateEndpoint  stm32f4xx_ll_usb.o
    0x08005bac   0x08005bac   0x0000001c   Code   RO         1688    i.USB_DevConnect    stm32f4xx_ll_usb.o
    0x08005bc8   0x08005bc8   0x0000001c   Code   RO         1689    i.USB_DevDisconnect  stm32f4xx_ll_usb.o
    0x08005be4   0x08005be4   0x00000174   Code   RO         1690    i.USB_DevInit       stm32f4xx_ll_usb.o
    0x08005d58   0x08005d58   0x0000000c   Code   RO         1691    i.USB_DisableGlobalInt  stm32f4xx_ll_usb.o
    0x08005d64   0x08005d64   0x00000118   Code   RO         1694    i.USB_EP0StartXfer  stm32f4xx_ll_usb.o
    0x08005e7c   0x08005e7c   0x00000058   Code   RO         1695    i.USB_EP0_OutStart  stm32f4xx_ll_usb.o
    0x08005ed4   0x08005ed4   0x00000058   Code   RO         1696    i.USB_EPClearStall  stm32f4xx_ll_usb.o
    0x08005f2c   0x08005f2c   0x00000058   Code   RO         1697    i.USB_EPSetStall    stm32f4xx_ll_usb.o
    0x08005f84   0x08005f84   0x000001e8   Code   RO         1698    i.USB_EPStartXfer   stm32f4xx_ll_usb.o
    0x0800616c   0x0800616c   0x0000000c   Code   RO         1699    i.USB_EnableGlobalInt  stm32f4xx_ll_usb.o
    0x08006178   0x08006178   0x00000028   Code   RO         1700    i.USB_FlushRxFifo   stm32f4xx_ll_usb.o
    0x080061a0   0x080061a0   0x0000002c   Code   RO         1701    i.USB_FlushTxFifo   stm32f4xx_ll_usb.o
    0x080061cc   0x080061cc   0x0000001a   Code   RO         1703    i.USB_GetDevSpeed   stm32f4xx_ll_usb.o
    0x080061e6   0x080061e6   0x00000008   Code   RO         1705    i.USB_GetMode       stm32f4xx_ll_usb.o
    0x080061ee   0x080061ee   0x0000000e   Code   RO         1712    i.USB_ReadDevAllInEpInterrupt  stm32f4xx_ll_usb.o
    0x080061fc   0x080061fc   0x0000000e   Code   RO         1713    i.USB_ReadDevAllOutEpInterrupt  stm32f4xx_ll_usb.o
    0x0800620a   0x0800620a   0x00000024   Code   RO         1714    i.USB_ReadDevInEPInterrupt  stm32f4xx_ll_usb.o
    0x0800622e   0x0800622e   0x00000010   Code   RO         1715    i.USB_ReadDevOutEPInterrupt  stm32f4xx_ll_usb.o
    0x0800623e   0x0800623e   0x00000008   Code   RO         1716    i.USB_ReadInterrupts  stm32f4xx_ll_usb.o
    0x08006246   0x08006246   0x0000003e   Code   RO         1717    i.USB_ReadPacket    stm32f4xx_ll_usb.o
    0x08006284   0x08006284   0x0000005c   Code   RO         1719    i.USB_SetCurrentMode  stm32f4xx_ll_usb.o
    0x080062e0   0x080062e0   0x00000022   Code   RO         1720    i.USB_SetDevAddress  stm32f4xx_ll_usb.o
    0x08006302   0x08006302   0x00000002   PAD
    0x08006304   0x08006304   0x000000e8   Code   RO         1722    i.USB_SetTurnaroundTime  stm32f4xx_ll_usb.o
    0x080063ec   0x080063ec   0x00000028   Code   RO         1725    i.USB_WritePacket   stm32f4xx_ll_usb.o
    0x08006414   0x08006414   0x00000002   Code   RO         1278    i.UsageFault_Handler  stm32f4xx_it.o
    0x08006416   0x08006416   0x00000002   PAD
    0x08006418   0x08006418   0x00000050   Code   RO         8653    i._Z11detect_hookh  detect_task.o
    0x08006468   0x08006468   0x00000024   Code   RO         8438    i._Z12my_test_taskPv  my_test_task.o
    0x0800648c   0x0800648c   0x000000c0   Code   RO         9421    i._Z13if_key_pessedPK9RC_ctrl_tc  remote_control.o
    0x0800654c   0x0800654c   0x00000034   Code   RO         8590    i._Z16communicate_taskPv  communicate_task.o
    0x08006580   0x08006580   0x00000080   Code   RO         8707    i._Z9mine_taskPv    mine_task.o
    0x08006600   0x08006600   0x00000004   Code   RO         9186    i._ZN10Mine_motor4initEPK15motor_measure_t  motor.o
    0x08006604   0x08006604   0x0000005c   Code   RO         9225    i._ZN11Can_receive17send_rc_board_comEssst  can_receive.o
    0x08006660   0x08006660   0x00000060   Code   RO         9226    i._ZN11Can_receive17send_ss_state_comEhhsh  can_receive.o
    0x080066c0   0x080066c0   0x00000060   Code   RO         9227    i._ZN11Can_receive19send_high_state_comEhhhh  can_receive.o
    0x08006720   0x08006720   0x00000054   Code   RO         9228    i._ZN11Can_receive19send_lift_auto_modeEa  can_receive.o
    0x08006774   0x08006774   0x00000094   Code   RO         9229    i._ZN11Can_receive22get_mine_motor_measureEhPh  can_receive.o
    0x08006808   0x08006808   0x0000009c   Code   RO         9230    i._ZN11Can_receive23get_catch_motor_measureEhPh  can_receive.o
    0x080068a4   0x080068a4   0x0000000a   Code   RO         9231    i._ZN11Can_receive23receive_lift_auto_stateEPh  can_receive.o
    0x080068ae   0x080068ae   0x00000002   PAD
    0x080068b0   0x080068b0   0x0000005c   Code   RO         9232    i._ZN11Can_receive25can_cmd_mine_motive_motorEssss  can_receive.o
    0x0800690c   0x0800690c   0x0000005c   Code   RO         9233    i._ZN11Can_receive26can_cmd_catch_motive_motorEssss  can_receive.o
    0x08006968   0x08006968   0x0000000a   Code   RO         9234    i._ZN11Can_receive35get_mine_motive_motor_measure_pointEh  can_receive.o
    0x08006972   0x08006972   0x0000000c   Code   RO         9235    i._ZN11Can_receive36get_catch_motive_motor_measure_pointEh  can_receive.o
    0x0800697e   0x0800697e   0x00000004   Code   RO         9236    i._ZN11Can_receive4initEv  can_receive.o
    0x08006982   0x08006982   0x00000002   PAD
    0x08006984   0x08006984   0x00000060   Code   RO         8775    i._ZN11Communicate3runEv  communicate.o
    0x080069e4   0x080069e4   0x0000001c   Code   RO         8776    i._ZN11Communicate4initEv  communicate.o
    0x08006a00   0x08006a00   0x00000048   Code   RO         9426    i._ZN14Remote_control14sbus_to_usart1Eh  remote_control.o
    0x08006a48   0x08006a48   0x00000004   Code   RO         9429    i._ZN14Remote_control24get_remote_control_pointEv  remote_control.o
    0x08006a4c   0x08006a4c   0x00000004   Code   RO         9430    i._ZN14Remote_control29get_last_remote_control_pointEv  remote_control.o
    0x08006a50   0x08006a50   0x00000014   Code   RO         9431    i._ZN14Remote_control4initEv  remote_control.o
    0x08006a64   0x08006a64   0x000000a8   Code   RO         9433    i._ZN14Remote_control6unpackEh  remote_control.o
    0x08006b0c   0x08006b0c   0x0000004c   Code   RO         9141    i._ZN3Pid4initE10pid_mode_ePKfPfS3_f  pid.o
    0x08006b58   0x08006b58   0x000000b2   Code   RO         9142    i._ZN3Pid8pid_calcEv  pid.o
    0x08006c0a   0x08006c0a   0x00000002   PAD
    0x08006c0c   0x08006c0c   0x00000030   Code   RO         9143    i._ZN3Pid9pid_clearEv  pid.o
    0x08006c3c   0x08006c3c   0x0000005c   Code   RO         8996    i._ZN4AUTO16auto_control_setEv  auto.o
    0x08006c98   0x08006c98   0x00000064   Code   RO         8997    i._ZN4AUTO20motor_status_measureEv  auto.o
    0x08006cfc   0x08006cfc   0x0000002c   Code   RO         8998    i._ZN4AUTO4initEv   auto.o
    0x08006d28   0x08006d28   0x000000bc   Code   RO         9046    i._ZN5Catch11set_controlEv  catch.o
    0x08006de4   0x08006de4   0x0000005c   Code   RO         9047    i._ZN5Catch12auto_controlEP11auto_mode_e  catch.o
    0x08006e40   0x08006e40   0x0000008c   Code   RO         9048    i._ZN5Catch15feedback_updateEv  catch.o
    0x08006ecc   0x08006ecc   0x00000026   Code   RO         9049    i._ZN5Catch17motor_angle_limitEP10Mine_motor  catch.o
    0x08006ef2   0x08006ef2   0x00000050   Code   RO         9050    i._ZN5Catch17motor_set_controlEP10Mine_motor  catch.o
    0x08006f42   0x08006f42   0x0000004e   Code   RO         9051    i._ZN5Catch18behaviour_mode_setEv  catch.o
    0x08006f90   0x08006f90   0x0000003c   Code   RO         9052    i._ZN5Catch21behaviour_control_setEPfS0_S0_  catch.o
    0x08006fcc   0x08006fcc   0x00000088   Code   RO         9053    i._ZN5Catch22catch_open_set_controlEPfS0_S0_  catch.o
    0x08007054   0x08007054   0x00000234   Code   RO         9054    i._ZN5Catch4initEv  catch.o
    0x08007288   0x08007288   0x00000024   Code   RO         9055    i._ZN5Catch5solveEv  catch.o
    0x080072ac   0x080072ac   0x00000040   Code   RO         9056    i._ZN5Catch6outputEv  catch.o
    0x080072ec   0x080072ec   0x00000004   Code   RO         9057    i._ZN5Catch8set_modeEv  catch.o
    0x080072f0   0x080072f0   0x00000040   Code   RO         8870    i._ZN8MinePush11set_controlEv  minepush.o
    0x08007330   0x08007330   0x00000034   Code   RO         8871    i._ZN8MinePush12auto_controlEP11auto_mode_e  minepush.o
    0x08007364   0x08007364   0x00000088   Code   RO         8872    i._ZN8MinePush15feedback_updateEv  minepush.o
    0x080073ec   0x080073ec   0x00000050   Code   RO         8873    i._ZN8MinePush17motor_set_controlEP10Mine_motor  minepush.o
    0x0800743c   0x0800743c   0x0000010c   Code   RO         8874    i._ZN8MinePush18behaviour_mode_setEv  minepush.o
    0x08007548   0x08007548   0x00000038   Code   RO         8875    i._ZN8MinePush21behaviour_control_setEPfS0_  minepush.o
    0x08007580   0x08007580   0x00000034   Code   RO         8876    i._ZN8MinePush21mine_open_set_controlEPfS0_  minepush.o
    0x080075b4   0x080075b4   0x00000130   Code   RO         8877    i._ZN8MinePush4initEv  minepush.o
    0x080076e4   0x080076e4   0x00000024   Code   RO         8878    i._ZN8MinePush5solveEv  minepush.o
    0x08007708   0x08007708   0x0000003c   Code   RO         8879    i._ZN8MinePush6outputEv  minepush.o
    0x08007744   0x08007744   0x00000004   Code   RO         8880    i._ZN8MinePush8set_modeEv  minepush.o
    0x08007748   0x08007748   0x00000048   Code   RO         8881    i._ZN9PhotoSpin6outputEv  minepush.o
    0x08007790   0x08007790   0x00000020   Code   RO         2732    i.__NVIC_SetPriority  stm32f4xx_hal_cortex.o
    0x080077b0   0x080077b0   0x00000058   Code   RO        10171    i.can_filter_init   bsp_can.o
    0x08007808   0x08007808   0x00000028   Code   RO        10199    i.delay_init        bsp_delay.o
    0x08007830   0x08007830   0x0000007c   Code   RO         9815    i.fifo_s_puts       fifo.o
    0x080078ac   0x080078ac   0x00000084   Code   RO           15    i.main              main.o
    0x08007930   0x08007930   0x0000000c   Code   RO         7306    i.makeFreeRtosPriority  cmsis_os.o
    0x0800793c   0x0800793c   0x0000000e   Code   RO         7308    i.osDelay           cmsis_os.o
    0x0800794a   0x0800794a   0x0000000a   Code   RO         7311    i.osKernelStart     cmsis_os.o
    0x08007954   0x08007954   0x00000054   Code   RO         7345    i.osThreadCreate    cmsis_os.o
    0x080079a8   0x080079a8   0x0000000a   Code   RO         7356    i.osThreadTerminate  cmsis_os.o
    0x080079b2   0x080079b2   0x00000002   PAD
    0x080079b4   0x080079b4   0x00000078   Code   RO         6800    i.prvAddCurrentTaskToDelayedList  tasks.o
    0x08007a2c   0x08007a2c   0x000000d0   Code   RO         6801    i.prvAddNewTaskToReadyList  tasks.o
    0x08007afc   0x08007afc   0x00000058   Code   RO         7148    i.prvCheckForValidListAndQueue  timers.o
    0x08007b54   0x08007b54   0x00000026   Code   RO         6457    i.prvCopyDataFromQueue  queue.o
    0x08007b7a   0x08007b7a   0x0000006c   Code   RO         6458    i.prvCopyDataToQueue  queue.o
    0x08007be6   0x08007be6   0x00000034   Code   RO         6802    i.prvDeleteTCB      tasks.o
    0x08007c1a   0x08007c1a   0x00000002   PAD
    0x08007c1c   0x08007c1c   0x0000004c   Code   RO         7685    i.prvHeapInit       heap_4.o
    0x08007c68   0x08007c68   0x00000060   Code   RO         6803    i.prvIdleTask       tasks.o
    0x08007cc8   0x08007cc8   0x00000016   Code   RO         6460    i.prvInitialiseNewQueue  queue.o
    0x08007cde   0x08007cde   0x00000002   PAD
    0x08007ce0   0x08007ce0   0x000000b4   Code   RO         6804    i.prvInitialiseNewTask  tasks.o
    0x08007d94   0x08007d94   0x0000004c   Code   RO         7686    i.prvInsertBlockIntoFreeList  heap_4.o
    0x08007de0   0x08007de0   0x00000038   Code   RO         7150    i.prvInsertTimerInActiveList  timers.o
    0x08007e18   0x08007e18   0x0000001c   Code   RO         6461    i.prvIsQueueEmpty   queue.o
    0x08007e34   0x08007e34   0x000000fc   Code   RO         7151    i.prvProcessReceivedCommands  timers.o
    0x08007f30   0x08007f30   0x000000c0   Code   RO         7152    i.prvProcessTimerOrBlockTask  timers.o
    0x08007ff0   0x08007ff0   0x00000020   Code   RO         6805    i.prvResetNextTaskUnblockTime  tasks.o
    0x08008010   0x08008010   0x00000028   Code   RO         7153    i.prvSampleTimeNow  timers.o
    0x08008038   0x08008038   0x0000006c   Code   RO         7154    i.prvSwitchTimerLists  timers.o
    0x080080a4   0x080080a4   0x00000028   Code   RO         7741    i.prvTaskExitError  port.o
    0x080080cc   0x080080cc   0x00000024   Code   RO         7155    i.prvTimerTask      timers.o
    0x080080f0   0x080080f0   0x0000006a   Code   RO         6462    i.prvUnlockQueue    queue.o
    0x0800815a   0x0800815a   0x00000002   PAD
    0x0800815c   0x0800815c   0x000000dc   Code   RO         7687    i.pvPortMalloc      heap_4.o
    0x08008238   0x08008238   0x0000002c   Code   RO         7742    i.pxPortInitialiseStack  port.o
    0x08008264   0x08008264   0x00000018   Code   RO          316    i.start_task        freertos.o
    0x0800827c   0x0800827c   0x0000000e   Code   RO          317    i.test_task         freertos.o
    0x0800828a   0x0800828a   0x00000002   PAD
    0x0800828c   0x0800828c   0x00000064   Code   RO        10309    i.usart1_tx_dma_enable  bsp_usart.o
    0x080082f0   0x080082f0   0x00000048   Code   RO        10310    i.usart1_tx_dma_init  bsp_usart.o
    0x08008338   0x08008338   0x00000026   Code   RO         6417    i.uxListRemove      list.o
    0x0800835e   0x0800835e   0x00000002   PAD
    0x08008360   0x08008360   0x00000014   Code   RO          318    i.vApplicationGetIdleTaskMemory  freertos.o
    0x08008374   0x08008374   0x00000018   Code   RO          319    i.vApplicationGetTimerTaskMemory  freertos.o
    0x0800838c   0x0800838c   0x00000016   Code   RO         6418    i.vListInitialise   list.o
    0x080083a2   0x080083a2   0x00000006   Code   RO         6419    i.vListInitialiseItem  list.o
    0x080083a8   0x080083a8   0x00000030   Code   RO         6420    i.vListInsert       list.o
    0x080083d8   0x080083d8   0x00000018   Code   RO         6421    i.vListInsertEnd    list.o
    0x080083f0   0x080083f0   0x00000040   Code   RO         7744    i.vPortEnterCritical  port.o
    0x08008430   0x08008430   0x00000028   Code   RO         7745    i.vPortExitCritical  port.o
    0x08008458   0x08008458   0x00000064   Code   RO         7688    i.vPortFree         heap_4.o
    0x080084bc   0x080084bc   0x00000024   Code   RO         7746    i.vPortSetupTimerInterrupt  port.o
    0x080084e0   0x080084e0   0x00000054   Code   RO         7747    i.vPortValidateInterruptPriority  port.o
    0x08008534   0x08008534   0x00000028   Code   RO         6466    i.vQueueAddToRegistry  queue.o
    0x0800855c   0x0800855c   0x00000044   Code   RO         6469    i.vQueueWaitForMessageRestricted  queue.o
    0x080085a0   0x080085a0   0x0000004c   Code   RO         6816    i.vTaskDelay        tasks.o
    0x080085ec   0x080085ec   0x000000ac   Code   RO         6818    i.vTaskDelete       tasks.o
    0x08008698   0x08008698   0x00000010   Code   RO         6820    i.vTaskInternalSetTimeOutState  tasks.o
    0x080086a8   0x080086a8   0x0000000c   Code   RO         6821    i.vTaskMissedYield  tasks.o
    0x080086b4   0x080086b4   0x00000030   Code   RO         6823    i.vTaskPlaceOnEventList  tasks.o
    0x080086e4   0x080086e4   0x00000038   Code   RO         6824    i.vTaskPlaceOnEventListRestricted  tasks.o
    0x0800871c   0x0800871c   0x00000088   Code   RO         6831    i.vTaskStartScheduler  tasks.o
    0x080087a4   0x080087a4   0x00000010   Code   RO         6833    i.vTaskSuspendAll   tasks.o
    0x080087b4   0x080087b4   0x0000005c   Code   RO         6834    i.vTaskSwitchContext  tasks.o
    0x08008810   0x08008810   0x000000f4   Code   RO         7748    i.xPortStartScheduler  port.o
    0x08008904   0x08008904   0x0000002c   Code   RO         7749    i.xPortSysTickHandler  port.o
    0x08008930   0x08008930   0x00000066   Code   RO         6473    i.xQueueGenericCreateStatic  queue.o
    0x08008996   0x08008996   0x00000002   PAD
    0x08008998   0x08008998   0x00000088   Code   RO         6474    i.xQueueGenericReset  queue.o
    0x08008a20   0x08008a20   0x00000160   Code   RO         6475    i.xQueueGenericSend  queue.o
    0x08008b80   0x08008b80   0x000000be   Code   RO         6476    i.xQueueGenericSendFromISR  queue.o
    0x08008c3e   0x08008c3e   0x00000002   PAD
    0x08008c40   0x08008c40   0x00000138   Code   RO         6484    i.xQueueReceive     queue.o
    0x08008d78   0x08008d78   0x00000088   Code   RO         6837    i.xTaskCheckForTimeOut  tasks.o
    0x08008e00   0x08008e00   0x0000005a   Code   RO         6838    i.xTaskCreate       tasks.o
    0x08008e5a   0x08008e5a   0x00000056   Code   RO         6839    i.xTaskCreateStatic  tasks.o
    0x08008eb0   0x08008eb0   0x0000001c   Code   RO         6844    i.xTaskGetSchedulerState  tasks.o
    0x08008ecc   0x08008ecc   0x0000000c   Code   RO         6845    i.xTaskGetTickCount  tasks.o
    0x08008ed8   0x08008ed8   0x000000cc   Code   RO         6847    i.xTaskIncrementTick  tasks.o
    0x08008fa4   0x08008fa4   0x00000098   Code   RO         6850    i.xTaskPriorityDisinherit  tasks.o
    0x0800903c   0x0800903c   0x00000074   Code   RO         6852    i.xTaskRemoveFromEventList  tasks.o
    0x080090b0   0x080090b0   0x000000c4   Code   RO         6853    i.xTaskResumeAll    tasks.o
    0x08009174   0x08009174   0x00000060   Code   RO         7162    i.xTimerCreateTimerTask  timers.o
    0x080091d4   0x080091d4   0x00000068   Code   RO         7163    i.xTimerGenericCommand  timers.o
    0x0800923c   0x0800923c   0x0000000a   Code   RO        10556    x$fpl$fpinit        fz_wm.l(fpinit.o)
    0x08009246   0x08009246   0x00000002   PAD
    0x08009248   0x08009248   0x00000038   Data   RO          321    .constdata          freertos.o
    0x08009280   0x08009280   0x00000008   Data   RO         2449    .constdata          stm32f4xx_hal_dma.o
    0x08009288   0x08009288   0x00000010   Data   RO         6280    .constdata          system_stm32f4xx.o
    0x08009298   0x08009298   0x00000008   Data   RO         6281    .constdata          system_stm32f4xx.o
    0x080092a0   0x080092a0   0x00000028   Data   RO         8895    .constdata          minepush.o
    0x080092c8   0x080092c8   0x000000a0   Data   RO         9071    .constdata          catch.o
    0x08009368   0x08009368   0x0000000d   Data   RO          322    .conststring        freertos.o
    0x08009375   0x08009375   0x00000003   PAD
    0x08009378   0x08009378   0x00000020   Data   RO        10647    Region$$Table       anon$$obj.o


    Execution Region RW_IRAM2 (Exec base: 0x10000000, Load base: 0x08009470, Size: 0x00000000, Max: 0x00010000, ABSOLUTE)

    **** No section assigned to this execution region ****


    Execution Region RW_IRAM1 (Exec base: 0x20000000, Load base: 0x08009398, Size: 0x0000e208, Max: 0x00020000, ABSOLUTE, COMPRESSED[0x000000d8])

    Exec Addr    Load Addr    Size         Type   Attr      Idx    E Section Name        Object

    0x20000000   COMPRESSED   0x00000008   Data   RW          323    .data               freertos.o
    0x20000008   COMPRESSED   0x00000004   Data   RW          436    .data               can.o
    0x2000000c   COMPRESSED   0x00000008   Data   RW          483    .data               crc.o
    0x20000014   COMPRESSED   0x0000001c   Data   RW         1128    .data               usbd_desc.o
    0x20000030   COMPRESSED   0x00000032   Data   RW         1129    .data               usbd_desc.o
    0x20000062   COMPRESSED   0x00000002   PAD
    0x20000064   COMPRESSED   0x00000014   Data   RW         1212    .data               usbd_cdc_if.o
    0x20000078   COMPRESSED   0x0000000c   Data   RW         2876    .data               stm32f4xx_hal.o
    0x20000084   COMPRESSED   0x00000004   Data   RW         6282    .data               system_stm32f4xx.o
    0x20000088   COMPRESSED   0x0000003c   Data   RW         6856    .data               tasks.o
    0x200000c4   COMPRESSED   0x00000014   Data   RW         7171    .data               timers.o
    0x200000d8   COMPRESSED   0x00000020   Data   RW         7694    .data               heap_4.o
    0x200000f8   COMPRESSED   0x0000000c   Data   RW         7750    .data               port.o
    0x20000104   COMPRESSED   0x00000001   Data   RW         7967    .data               usbd_ctlreq.o
    0x20000105   COMPRESSED   0x00000003   PAD
    0x20000108   COMPRESSED   0x000000d7   Data   RW         8106    .data               usbd_cdc.o
    0x200001df   COMPRESSED   0x00000001   PAD
    0x200001e0   COMPRESSED   0x00000038   Data   RW         8107    .data               usbd_cdc.o
    0x20000218   COMPRESSED   0x0000000c   Data   RW         8201    .data               system_config.o
    0x20000224   COMPRESSED   0x00000001   Data   RW         8440    .data               my_test_task.o
    0x20000225   COMPRESSED   0x00000001   Data   RW         8592    .data               communicate_task.o
    0x20000226   COMPRESSED   0x00000002   PAD
    0x20000228   COMPRESSED   0x0000000c   Data   RW         8784    .data               communicate.o
    0x20000234   COMPRESSED   0x00000001   Data   RW         8785    .data               communicate.o
    0x20000235   COMPRESSED   0x00000003   PAD
    0x20000238   COMPRESSED   0x00000024   Data   RW         8896    .data               minepush.o
    0x2000025c   COMPRESSED   0x00000048   Data   RW         9072    .data               catch.o
    0x200002a4   COMPRESSED   0x00000001   Data   RW         9448    .data               remote_control.o
    0x200002a5   COMPRESSED   0x00000003   PAD
    0x200002a8   COMPRESSED   0x00000008   Data   RW        10202    .data               bsp_delay.o
    0x200002b0        -       0x000006a8   Zero   RW          320    .bss                freertos.o
    0x20000958        -       0x00000090   Zero   RW          387    .bss                adc.o
    0x200009e8        -       0x00000050   Zero   RW          435    .bss                can.o
    0x20000a38        -       0x0000015c   Zero   RW          551    .bss                i2c.o
    0x20000b94        -       0x00000010   Zero   RW          603    .bss                rng.o
    0x20000ba4        -       0x00000020   Zero   RW          645    .bss                rtc.o
    0x20000bc4        -       0x00000170   Zero   RW          688    .bss                spi.o
    0x20000d34        -       0x000001b0   Zero   RW          741    .bss                tim.o
    0x20000ee4        -       0x0000024c   Zero   RW          815    .bss                usart.o
    0x20001130        -       0x000002d0   Zero   RW          865    .bss                usb_device.o
    0x20001400        -       0x00000628   Zero   RW          943    .bss                usbd_conf.o
    0x20001a28        -       0x00000200   Zero   RW         1127    .bss                usbd_desc.o
    0x20001c28        -       0x00001000   Zero   RW         1211    .bss                usbd_cdc_if.o
    0x20002c28        -       0x00000040   Zero   RW         6487    .bss                queue.o
    0x20002c68        -       0x000000f0   Zero   RW         6855    .bss                tasks.o
    0x20002d58        -       0x00000110   Zero   RW         7170    .bss                timers.o
    0x20002e68        -       0x00006000   Zero   RW         7693    .bss                heap_4.o
    0x20008e68        -       0x000002f4   Zero   RW         8663    .bss                detect_task.o
    0x2000915c        -       0x00000938   Zero   RW         8782    .bss                communicate.o
    0x20009a94        -       0x000002c4   Zero   RW         8894    .bss                minepush.o
    0x20009d58        -       0x00000014   Zero   RW         9002    .bss                auto.o
    0x20009d6c        -       0x000002d4   Zero   RW         9070    .bss                catch.o
    0x2000a040        -       0x00000014   Zero   RW         9447    .bss                remote_control.o
    0x2000a054        -       0x00000154   Zero   RW         9689    .bss                ui.o
    0x2000a1a8        -       0x00000060   Zero   RW        10520    .bss                c_w.l(libspace.o)
    0x2000a208        -       0x00002000   Zero   RW            2    HEAP                startup_stm32f407xx.o
    0x2000c208        -       0x00002000   Zero   RW            1    STACK               startup_stm32f407xx.o


==============================================================================

Image component sizes


      Code (inc. data)   RO Data    RW Data    ZI Data      Debug   Object Name

       324         40          0          0        144       2438   adc.o
       236         28          0          0         20       3595   auto.o
        88          8          0          0          0        614   bsp_can.o
        40         14          0          8          0        713   bsp_delay.o
        96         12          0          0          0       1078   bsp_rc.o
       172         24          0          0          0       1721   bsp_usart.o
       388         42          0          4         80       2558   can.o
       892         52          0          0          0     581786   can_receive.o
      1480         66        160         72        724      12873   catch.o
       130          0          0          0          0      24021   cmsis_os.o
       604         96          0         13       2360       9954   communicate.o
        52         12          0          1          0       6388   communicate_task.o
        76         18          0          8          0       1587   crc.o
        80          6          0          0        756       2721   detect_task.o
       156          4          0          0          0        886   dma.o
         0          0          0          0          0      19820   event_groups.o
       124          0          0          0          0       7862   fifo.o
       142         22         69          8       1704       3914   freertos.o
       456         24          0          0          0       1267   gpio.o
       472         24          0         32      24576       5019   heap_4.o
       536         84          0          0        348       3264   i2c.o
       138          0          0          0          0       3698   list.o
       284         18          0          0          0     791048   main.o
       128         18          0          0          0      12731   mine_task.o
      1184         74         40         36        708      14808   minepush.o
         4          0          0          0          0        528   motor.o
        36          8          0          1          0     594387   my_test_task.o
       302          6          0          0          0       2320   pid.o
       786         82          0         12          0      12149   port.o
      1502         20          0          0         64      17656   queue.o
       460         18          0          1         20       4766   remote_control.o
        76         18          0          0         16       1587   rng.o
       116         22          0          0         32       1615   rtc.o
       472         44          0          0        368       2704   spi.o
        64         26        392          0      16384        868   startup_stm32f407xx.o
       180         28          0         12          0       9593   stm32f4xx_hal.o
       712         28          0          0          0       2979   stm32f4xx_hal_adc.o
      1658          6          0          0          0      14739   stm32f4xx_hal_can.o
       198         14          0          0          0      34099   stm32f4xx_hal_cortex.o
        34          0          0          0          0       1095   stm32f4xx_hal_crc.o
       752         16          8          0          0       4188   stm32f4xx_hal_dma.o
       542         52          0          0          0       4171   stm32f4xx_hal_gpio.o
       392         16          0          0          0       3167   stm32f4xx_hal_i2c.o
        56          4          0          0          0        886   stm32f4xx_hal_msp.o
      2308         14          0          0          0      13093   stm32f4xx_hal_pcd.o
        78          0          0          0          0       2497   stm32f4xx_hal_pcd_ex.o
      1360         82          0          0          0       5888   stm32f4xx_hal_rcc.o
       316         20          0          0          0       1440   stm32f4xx_hal_rcc_ex.o
        50          0          0          0          0       1123   stm32f4xx_hal_rng.o
       284          6          0          0          0       2956   stm32f4xx_hal_rtc.o
       188          0          0          0          0       1243   stm32f4xx_hal_spi.o
      1646        138          0          0          0      14125   stm32f4xx_hal_tim.o
       228         28          0          0          0       2236   stm32f4xx_hal_tim_ex.o
       366         10          0          0          0       2076   stm32f4xx_hal_uart.o
       132         36          0          0          0       8279   stm32f4xx_it.o
      2690        132          0          0          0      23818   stm32f4xx_ll_usb.o
         0          0          0          0          0        408   stream_buffer.o
       140         66          0         12          0     610011   system_config.o
        16          4         24          4          0       1179   system_stm32f4xx.o
      2332        174          0         60        240      28398   tasks.o
      1588        134          0          0        432       6823   tim.o
       972         80          0         20        272      30231   timers.o
         0          0          0          0        340       1472   ui.o
       724         80          0          0        588       3656   usart.o
        84         18          0          0        720       2659   usb_device.o
       752         16          0        271          0      13359   usbd_cdc.o
        72         16          0         20       4096       3234   usbd_cdc_if.o
       644         24          0          0       1576      16636   usbd_conf.o
       744          0          0          0          0      13061   usbd_core.o
      1244         30          0          1          0      14572   usbd_ctlreq.o
       288        104          0         78        512       6157   usbd_desc.o
       132          0          0          0          0       4696   usbd_ioreq.o

    ----------------------------------------------------------------------
     36060       2306        728        688      57080    3065187   Object Totals
         0          0         32          0          0          0   (incl. Generated)
        62          0          3         14          0          0   (incl. Padding)

    ----------------------------------------------------------------------

      Code (inc. data)   RO Data    RW Data    ZI Data      Debug   Library Member Name

        90          0          0          0          0          0   __dczerorl2.o
         8          0          0          0          0         68   __main.o
         0          0          0          0          0          0   __rtentry.o
        12          0          0          0          0          0   __rtentry2.o
         6          0          0          0          0          0   __rtentry4.o
        52          8          0          0          0          0   __scatter.o
        28          0          0          0          0          0   __scatter_zi.o
        16          0          0          0          0         68   aeabi_memset.o
        18          0          0          0          0         80   exit.o
         6          0          0          0          0        152   heapauxi.o
         0          0          0          0          0          0   indicate_semi.o
         2          0          0          0          0          0   libinit.o
         6          0          0          0          0          0   libinit2.o
         2          0          0          0          0          0   libshutdown.o
         2          0          0          0          0          0   libshutdown2.o
         8          4          0          0         96         68   libspace.o
       238          0          0          0          0        100   lludivv7m.o
        68          0          0          0          0         68   rt_memclr.o
        78          0          0          0          0         80   rt_memclr_w.o
       138          0          0          0          0         68   rt_memcpy_v6.o
       100          0          0          0          0         80   rt_memcpy_w.o
         2          0          0          0          0          0   rtexit.o
        10          0          0          0          0          0   rtexit2.o
        12          4          0          0          0         68   sys_exit.o
        74          0          0          0          0         80   sys_stackheap_outer.o
         2          0          0          0          0         68   use_no_semi.o
        10          0          0          0          0        116   fpinit.o

    ----------------------------------------------------------------------
       996         16          0          0         96       1164   Library Totals
         8          0          0          0          0          0   (incl. Padding)

    ----------------------------------------------------------------------

      Code (inc. data)   RO Data    RW Data    ZI Data      Debug   Library Name

       978         16          0          0         96       1048   c_w.l
        10          0          0          0          0        116   fz_wm.l

    ----------------------------------------------------------------------
       996         16          0          0         96       1164   Library Totals

    ----------------------------------------------------------------------

==============================================================================


      Code (inc. data)   RO Data    RW Data    ZI Data      Debug   

     37056       2322        728        688      57176    3027283   Grand Totals
     37056       2322        728        216      57176    3027283   ELF Image Totals (compressed)
     37056       2322        728        216          0          0   ROM Totals

==============================================================================

    Total RO  Size (Code + RO Data)                37784 (  36.90kB)
    Total RW  Size (RW Data + ZI Data)             57864 (  56.51kB)
    Total ROM Size (Code + RO Data + RW Data)      38000 (  37.11kB)

==============================================================================

